Sep 11 00:20:09 combo-VirtualBox kernel: [    0.000000] Linux version 6.2.0-32-generic (buildd@lcy02-amd64-076) (x86_64-linux-gnu-gcc-11 (Ubuntu 11.4.0-1ubuntu1~22.04) 11.4.0, GNU ld (GNU Binutils for Ubuntu) 2.38) #32~22.04.1-Ubuntu SMP PREEMPT_DYNAMIC Fri Aug 18 10:40:13 UTC 2 (Ubuntu 6.2.0-32.32~22.04.1-generic 6.2.16)
Sep 11 00:20:09 combo-VirtualBox kernel: [    0.000000] Command line: BOOT_IMAGE=/boot/vmlinuz-6.2.0-32-generic root=UUID=6f383bd3-4c99-4300-a41d-a34d5534712e ro quiet splash
Sep 11 00:20:09 combo-VirtualBox kernel: [    0.000000] KERNEL supported cpus:
Sep 11 00:20:09 combo-VirtualBox kernel: [    0.000000]   Intel GenuineIntel
Sep 11 00:20:09 combo-VirtualBox kernel: [    0.000000]   AMD AuthenticAMD
Sep 11 00:20:09 combo-VirtualBox kernel: [    0.000000]   Hygon HygonGenuine
Sep 11 00:20:09 combo-VirtualBox kernel: [    0.000000]   Centaur CentaurHauls
Sep 11 00:20:09 combo-VirtualBox kernel: [    0.000000]   zhaoxin   Shanghai  
Sep 11 00:20:09 combo-VirtualBox kernel: [    0.000000] [Firmware Bug]: TSC doesn't count with P0 frequency!
Sep 11 00:20:09 combo-VirtualBox kernel: [    0.000000] BIOS-provided physical RAM map:
Sep 11 00:20:09 combo-VirtualBox kernel: [    0.000000] BIOS-e820: [mem 0x0000000000000000-0x000000000009fbff] usable
Sep 11 00:20:09 combo-VirtualBox kernel: [    0.000000] BIOS-e820: [mem 0x000000000009fc00-0x000000000009ffff] reserved
Sep 11 00:20:09 combo-VirtualBox kernel: [    0.000000] BIOS-e820: [mem 0x00000000000f0000-0x00000000000fffff] reserved
Sep 11 00:20:09 combo-VirtualBox kernel: [    0.000000] BIOS-e820: [mem 0x0000000000100000-0x000000009c3effff] usable
Sep 11 00:20:09 combo-VirtualBox kernel: [    0.000000] BIOS-e820: [mem 0x000000009c3f0000-0x000000009c3fffff] ACPI data
Sep 11 00:20:09 combo-VirtualBox kernel: [    0.000000] BIOS-e820: [mem 0x00000000fec00000-0x00000000fec00fff] reserved
Sep 11 00:20:09 combo-VirtualBox kernel: [    0.000000] BIOS-e820: [mem 0x00000000fee00000-0x00000000fee00fff] reserved
Sep 11 00:20:09 combo-VirtualBox kernel: [    0.000000] BIOS-e820: [mem 0x00000000fffc0000-0x00000000ffffffff] reserved
Sep 11 00:20:09 combo-VirtualBox kernel: [    0.000000] NX (Execute Disable) protection: active
Sep 11 00:20:09 combo-VirtualBox kernel: [    0.000000] SMBIOS 2.5 present.
Sep 11 00:20:09 combo-VirtualBox kernel: [    0.000000] DMI: innotek GmbH VirtualBox/VirtualBox, BIOS VirtualBox 12/01/2006
Sep 11 00:20:09 combo-VirtualBox kernel: [    0.000000] Hypervisor detected: KVM
Sep 11 00:20:09 combo-VirtualBox kernel: [    0.000000] kvm-clock: Using msrs 4b564d01 and 4b564d00
Sep 11 00:20:09 combo-VirtualBox kernel: [    0.000007] kvm-clock: using sched offset of 4820394901 cycles
Sep 11 00:20:09 combo-VirtualBox kernel: [    0.000017] clocksource: kvm-clock: mask: 0xffffffffffffffff max_cycles: 0x1cd42e4dffb, max_idle_ns: 881590591483 ns
Sep 11 00:20:09 combo-VirtualBox kernel: [    0.000022] tsc: Detected 3493.476 MHz processor
Sep 11 00:20:09 combo-VirtualBox kernel: [    0.001812] e820: update [mem 0x00000000-0x00000fff] usable ==> reserved
Sep 11 00:20:09 combo-VirtualBox kernel: [    0.001823] e820: remove [mem 0x000a0000-0x000fffff] usable
Sep 11 00:20:09 combo-VirtualBox kernel: [    0.001831] last_pfn = 0x9c3f0 max_arch_pfn = 0x400000000
Sep 11 00:20:09 combo-VirtualBox kernel: [    0.001852] MTRRs disabled by BIOS
Sep 11 00:20:09 combo-VirtualBox kernel: [    0.001856] x86/PAT: Configuration [0-7]: WB  WC  UC- UC  WB  WP  UC- WT  
Sep 11 00:20:09 combo-VirtualBox kernel: [    0.001990] found SMP MP-table at [mem 0x0009fff0-0x0009ffff]
Sep 11 00:20:09 combo-VirtualBox kernel: [    0.002375] RAMDISK: [mem 0x2fc21000-0x33e07fff]
Sep 11 00:20:09 combo-VirtualBox kernel: [    0.002386] ACPI: Early table checksum verification disabled
Sep 11 00:20:09 combo-VirtualBox kernel: [    0.002392] ACPI: RSDP 0x00000000000E0000 000024 (v02 VBOX  )
Sep 11 00:20:09 combo-VirtualBox kernel: [    0.002399] ACPI: XSDT 0x000000009C3F0030 00003C (v01 VBOX   VBOXXSDT 00000001 ASL  00000061)
Sep 11 00:20:09 combo-VirtualBox kernel: [    0.002409] ACPI: FACP 0x000000009C3F00F0 0000F4 (v04 VBOX   VBOXFACP 00000001 ASL  00000061)
Sep 11 00:20:09 combo-VirtualBox kernel: [    0.002419] ACPI: DSDT 0x000000009C3F0470 002325 (v02 VBOX   VBOXBIOS 00000002 INTL 20100528)
Sep 11 00:20:09 combo-VirtualBox kernel: [    0.002426] ACPI: FACS 0x000000009C3F0200 000040
Sep 11 00:20:09 combo-VirtualBox kernel: [    0.002432] ACPI: FACS 0x000000009C3F0200 000040
Sep 11 00:20:09 combo-VirtualBox kernel: [    0.002437] ACPI: APIC 0x000000009C3F0240 00005C (v02 VBOX   VBOXAPIC 00000001 ASL  00000061)
Sep 11 00:20:09 combo-VirtualBox kernel: [    0.002444] ACPI: SSDT 0x000000009C3F02A0 0001CC (v01 VBOX   VBOXCPUT 00000002 INTL 20100528)
Sep 11 00:20:09 combo-VirtualBox kernel: [    0.002448] ACPI: Reserving FACP table memory at [mem 0x9c3f00f0-0x9c3f01e3]
Sep 11 00:20:09 combo-VirtualBox kernel: [    0.002450] ACPI: Reserving DSDT table memory at [mem 0x9c3f0470-0x9c3f2794]
Sep 11 00:20:09 combo-VirtualBox kernel: [    0.002451] ACPI: Reserving FACS table memory at [mem 0x9c3f0200-0x9c3f023f]
Sep 11 00:20:09 combo-VirtualBox kernel: [    0.002452] ACPI: Reserving FACS table memory at [mem 0x9c3f0200-0x9c3f023f]
Sep 11 00:20:09 combo-VirtualBox kernel: [    0.002453] ACPI: Reserving APIC table memory at [mem 0x9c3f0240-0x9c3f029b]
Sep 11 00:20:09 combo-VirtualBox kernel: [    0.002454] ACPI: Reserving SSDT table memory at [mem 0x9c3f02a0-0x9c3f046b]
Sep 11 00:20:09 combo-VirtualBox kernel: [    0.002841] No NUMA configuration found
Sep 11 00:20:09 combo-VirtualBox kernel: [    0.002844] Faking a node at [mem 0x0000000000000000-0x000000009c3effff]
Sep 11 00:20:09 combo-VirtualBox kernel: [    0.002854] NODE_DATA(0) allocated [mem 0x9c3c5000-0x9c3effff]
Sep 11 00:20:09 combo-VirtualBox kernel: [    0.003056] Zone ranges:
Sep 11 00:20:09 combo-VirtualBox kernel: [    0.003057]   DMA      [mem 0x0000000000001000-0x0000000000ffffff]
Sep 11 00:20:09 combo-VirtualBox kernel: [    0.003060]   DMA32    [mem 0x0000000001000000-0x000000009c3effff]
Sep 11 00:20:09 combo-VirtualBox kernel: [    0.003062]   Normal   empty
Sep 11 00:20:09 combo-VirtualBox kernel: [    0.003063]   Device   empty
Sep 11 00:20:09 combo-VirtualBox kernel: [    0.003064] Movable zone start for each node
Sep 11 00:20:09 combo-VirtualBox kernel: [    0.003067] Early memory node ranges
Sep 11 00:20:09 combo-VirtualBox kernel: [    0.003067]   node   0: [mem 0x0000000000001000-0x000000000009efff]
Sep 11 00:20:09 combo-VirtualBox kernel: [    0.003069]   node   0: [mem 0x0000000000100000-0x000000009c3effff]
Sep 11 00:20:09 combo-VirtualBox kernel: [    0.003071] Initmem setup node 0 [mem 0x0000000000001000-0x000000009c3effff]
Sep 11 00:20:09 combo-VirtualBox kernel: [    0.003085] On node 0, zone DMA: 1 pages in unavailable ranges
Sep 11 00:20:09 combo-VirtualBox kernel: [    0.003118] On node 0, zone DMA: 97 pages in unavailable ranges
Sep 11 00:20:09 combo-VirtualBox kernel: [    0.010285] On node 0, zone DMA32: 15376 pages in unavailable ranges
Sep 11 00:20:09 combo-VirtualBox kernel: [    0.010954] ACPI: PM-Timer IO Port: 0x4008
Sep 11 00:20:09 combo-VirtualBox kernel: [    0.011043] IOAPIC[0]: apic_id 2, version 32, address 0xfec00000, GSI 0-23
Sep 11 00:20:09 combo-VirtualBox kernel: [    0.011049] ACPI: INT_SRC_OVR (bus 0 bus_irq 0 global_irq 2 dfl dfl)
Sep 11 00:20:09 combo-VirtualBox kernel: [    0.011051] ACPI: INT_SRC_OVR (bus 0 bus_irq 9 global_irq 9 low level)
Sep 11 00:20:09 combo-VirtualBox kernel: [    0.011059] ACPI: Using ACPI (MADT) for SMP configuration information
Sep 11 00:20:09 combo-VirtualBox kernel: [    0.011067] smpboot: Allowing 2 CPUs, 0 hotplug CPUs
Sep 11 00:20:09 combo-VirtualBox kernel: [    0.011094] PM: hibernation: Registered nosave memory: [mem 0x00000000-0x00000fff]
Sep 11 00:20:09 combo-VirtualBox kernel: [    0.011097] PM: hibernation: Registered nosave memory: [mem 0x0009f000-0x0009ffff]
Sep 11 00:20:09 combo-VirtualBox kernel: [    0.011098] PM: hibernation: Registered nosave memory: [mem 0x000a0000-0x000effff]
Sep 11 00:20:09 combo-VirtualBox kernel: [    0.011099] PM: hibernation: Registered nosave memory: [mem 0x000f0000-0x000fffff]
Sep 11 00:20:09 combo-VirtualBox kernel: [    0.011101] [mem 0x9c400000-0xfebfffff] available for PCI devices
Sep 11 00:20:09 combo-VirtualBox kernel: [    0.011102] Booting paravirtualized kernel on KVM
Sep 11 00:20:09 combo-VirtualBox kernel: [    0.011105] clocksource: refined-jiffies: mask: 0xffffffff max_cycles: 0xffffffff, max_idle_ns: 7645519600211568 ns
Sep 11 00:20:09 combo-VirtualBox kernel: [    0.011114] setup_percpu: NR_CPUS:8192 nr_cpumask_bits:2 nr_cpu_ids:2 nr_node_ids:1
Sep 11 00:20:09 combo-VirtualBox kernel: [    0.011678] percpu: Embedded 62 pages/cpu s217088 r8192 d28672 u1048576
Sep 11 00:20:09 combo-VirtualBox kernel: [    0.011690] pcpu-alloc: s217088 r8192 d28672 u1048576 alloc=1*2097152
Sep 11 00:20:09 combo-VirtualBox kernel: [    0.011694] pcpu-alloc: [0] 0 1 
Sep 11 00:20:09 combo-VirtualBox kernel: [    0.011729] kvm-guest: PV spinlocks enabled
Sep 11 00:20:09 combo-VirtualBox kernel: [    0.011732] PV qspinlock hash table entries: 256 (order: 0, 4096 bytes, linear)
Sep 11 00:20:09 combo-VirtualBox kernel: [    0.011746] Fallback order for Node 0: 0 
Sep 11 00:20:09 combo-VirtualBox kernel: [    0.011748] Built 1 zonelists, mobility grouping on.  Total pages: 629728
Sep 11 00:20:09 combo-VirtualBox kernel: [    0.011750] Policy zone: DMA32
Sep 11 00:20:09 combo-VirtualBox kernel: [    0.011752] Kernel command line: BOOT_IMAGE=/boot/vmlinuz-6.2.0-32-generic root=UUID=6f383bd3-4c99-4300-a41d-a34d5534712e ro quiet splash
Sep 11 00:20:09 combo-VirtualBox kernel: [    0.011836] Unknown kernel command line parameters "splash BOOT_IMAGE=/boot/vmlinuz-6.2.0-32-generic", will be passed to user space.
Sep 11 00:20:09 combo-VirtualBox kernel: [    0.011874] random: crng init done
Sep 11 00:20:09 combo-VirtualBox kernel: [    0.012607] Dentry cache hash table entries: 524288 (order: 10, 4194304 bytes, linear)
Sep 11 00:20:09 combo-VirtualBox kernel: [    0.012950] Inode-cache hash table entries: 262144 (order: 9, 2097152 bytes, linear)
Sep 11 00:20:09 combo-VirtualBox kernel: [    0.013011] mem auto-init: stack:off, heap alloc:on, heap free:off
Sep 11 00:20:09 combo-VirtualBox kernel: [    0.022668] Memory: 2381824K/2559544K available (20480K kernel code, 4151K rwdata, 12712K rodata, 4764K init, 17540K bss, 177460K reserved, 0K cma-reserved)
Sep 11 00:20:09 combo-VirtualBox kernel: [    0.022846] SLUB: HWalign=64, Order=0-3, MinObjects=0, CPUs=2, Nodes=1
Sep 11 00:20:09 combo-VirtualBox kernel: [    0.022882] ftrace: allocating 53405 entries in 209 pages
Sep 11 00:20:09 combo-VirtualBox kernel: [    0.037231] ftrace: allocated 209 pages with 4 groups
Sep 11 00:20:09 combo-VirtualBox kernel: [    0.038561] Dynamic Preempt: voluntary
Sep 11 00:20:09 combo-VirtualBox kernel: [    0.038597] rcu: Preemptible hierarchical RCU implementation.
Sep 11 00:20:09 combo-VirtualBox kernel: [    0.038598] rcu: 	RCU restricting CPUs from NR_CPUS=8192 to nr_cpu_ids=2.
Sep 11 00:20:09 combo-VirtualBox kernel: [    0.038600] 	Trampoline variant of Tasks RCU enabled.
Sep 11 00:20:09 combo-VirtualBox kernel: [    0.038600] 	Rude variant of Tasks RCU enabled.
Sep 11 00:20:09 combo-VirtualBox kernel: [    0.038601] 	Tracing variant of Tasks RCU enabled.
Sep 11 00:20:09 combo-VirtualBox kernel: [    0.038602] rcu: RCU calculated value of scheduler-enlistment delay is 25 jiffies.
Sep 11 00:20:09 combo-VirtualBox kernel: [    0.038603] rcu: Adjusting geometry for rcu_fanout_leaf=16, nr_cpu_ids=2
Sep 11 00:20:09 combo-VirtualBox kernel: [    0.042620] NR_IRQS: 524544, nr_irqs: 440, preallocated irqs: 16
Sep 11 00:20:09 combo-VirtualBox kernel: [    0.042904] rcu: srcu_init: Setting srcu_struct sizes based on contention.
Sep 11 00:20:09 combo-VirtualBox kernel: [    0.054970] Console: colour VGA+ 80x25
Sep 11 00:20:09 combo-VirtualBox kernel: [    0.054980] printk: console [tty0] enabled
Sep 11 00:20:09 combo-VirtualBox kernel: [    0.055036] ACPI: Core revision 20221020
Sep 11 00:20:09 combo-VirtualBox kernel: [    0.055188] APIC: Switch to symmetric I/O mode setup
Sep 11 00:20:09 combo-VirtualBox kernel: [    0.055502] x2apic enabled
Sep 11 00:20:09 combo-VirtualBox kernel: [    0.055815] Switched APIC routing to physical x2apic.
Sep 11 00:20:09 combo-VirtualBox kernel: [    0.057169] ..TIMER: vector=0x30 apic1=0 pin1=2 apic2=-1 pin2=-1
Sep 11 00:20:09 combo-VirtualBox kernel: [    0.057201] clocksource: tsc-early: mask: 0xffffffffffffffff max_cycles: 0x325b3e260bc, max_idle_ns: 440795317334 ns
Sep 11 00:20:09 combo-VirtualBox kernel: [    0.057214] Calibrating delay loop (skipped) preset value.. 6986.95 BogoMIPS (lpj=13973904)
Sep 11 00:20:09 combo-VirtualBox kernel: [    0.057294] BIOS may not properly restore RDRAND after suspend, but hypervisor does not support hiding RDRAND via CPUID.
Sep 11 00:20:09 combo-VirtualBox kernel: [    0.057337] Last level iTLB entries: 4KB 512, 2MB 1024, 4MB 512
Sep 11 00:20:09 combo-VirtualBox kernel: [    0.057339] Last level dTLB entries: 4KB 1024, 2MB 1024, 4MB 512, 1GB 0
Sep 11 00:20:09 combo-VirtualBox kernel: [    0.057378] Spectre V1 : Mitigation: usercopy/swapgs barriers and __user pointer sanitization
Sep 11 00:20:09 combo-VirtualBox kernel: [    0.057382] Spectre V2 : Mitigation: Retpolines
Sep 11 00:20:09 combo-VirtualBox kernel: [    0.057383] Spectre V2 : Spectre v2 / SpectreRSB mitigation: Filling RSB on context switch
Sep 11 00:20:09 combo-VirtualBox kernel: [    0.057384] Spectre V2 : Spectre v2 / SpectreRSB : Filling RSB on VMEXIT
Sep 11 00:20:09 combo-VirtualBox kernel: [    0.057385] RETBleed: Mitigation: untrained return thunk
Sep 11 00:20:09 combo-VirtualBox kernel: [    0.057423] x86/fpu: Supporting XSAVE feature 0x001: 'x87 floating point registers'
Sep 11 00:20:09 combo-VirtualBox kernel: [    0.057425] x86/fpu: Supporting XSAVE feature 0x002: 'SSE registers'
Sep 11 00:20:09 combo-VirtualBox kernel: [    0.057426] x86/fpu: Supporting XSAVE feature 0x004: 'AVX registers'
Sep 11 00:20:09 combo-VirtualBox kernel: [    0.057428] x86/fpu: xstate_offset[2]:  576, xstate_sizes[2]:  256
Sep 11 00:20:09 combo-VirtualBox kernel: [    0.057430] x86/fpu: Enabled xstate features 0x7, context size is 832 bytes, using 'standard' format.
Sep 11 00:20:09 combo-VirtualBox kernel: [    0.061207] Freeing SMP alternatives memory: 44K
Sep 11 00:20:09 combo-VirtualBox kernel: [    0.061207] pid_max: default: 32768 minimum: 301
Sep 11 00:20:09 combo-VirtualBox kernel: [    0.061207] LSM: initializing lsm=lockdown,capability,landlock,yama,integrity,apparmor
Sep 11 00:20:09 combo-VirtualBox kernel: [    0.061207] landlock: Up and running.
Sep 11 00:20:09 combo-VirtualBox kernel: [    0.061207] Yama: becoming mindful.
Sep 11 00:20:09 combo-VirtualBox kernel: [    0.061207] AppArmor: AppArmor initialized
Sep 11 00:20:09 combo-VirtualBox kernel: [    0.061207] Mount-cache hash table entries: 8192 (order: 4, 65536 bytes, linear)
Sep 11 00:20:09 combo-VirtualBox kernel: [    0.061207] Mountpoint-cache hash table entries: 8192 (order: 4, 65536 bytes, linear)
Sep 11 00:20:09 combo-VirtualBox kernel: [    0.176120] APIC calibration not consistent with PM-Timer: 104ms instead of 100ms
Sep 11 00:20:09 combo-VirtualBox kernel: [    0.176144] APIC delta adjusted to PM-Timer: 6440826 (6702847)
Sep 11 00:20:09 combo-VirtualBox kernel: [    0.176299] smpboot: CPU0: AMD A8-7680 Radeon R7, 10 Compute Cores 4C+6G (family: 0x15, model: 0x60, stepping: 0x1)
Sep 11 00:20:09 combo-VirtualBox kernel: [    0.176571] cblist_init_generic: Setting adjustable number of callback queues.
Sep 11 00:20:09 combo-VirtualBox kernel: [    0.176574] cblist_init_generic: Setting shift to 1 and lim to 1.
Sep 11 00:20:09 combo-VirtualBox kernel: [    0.176598] cblist_init_generic: Setting shift to 1 and lim to 1.
Sep 11 00:20:09 combo-VirtualBox kernel: [    0.176615] cblist_init_generic: Setting shift to 1 and lim to 1.
Sep 11 00:20:09 combo-VirtualBox kernel: [    0.176631] Performance Events: PMU not available due to virtualization, using software events only.
Sep 11 00:20:09 combo-VirtualBox kernel: [    0.176668] signal: max sigframe size: 1776
Sep 11 00:20:09 combo-VirtualBox kernel: [    0.176701] rcu: Hierarchical SRCU implementation.
Sep 11 00:20:09 combo-VirtualBox kernel: [    0.176703] rcu: 	Max phase no-delay instances is 1000.
Sep 11 00:20:09 combo-VirtualBox kernel: [    0.177037] NMI watchdog: Perf NMI watchdog permanently disabled
Sep 11 00:20:09 combo-VirtualBox kernel: [    0.177207] smp: Bringing up secondary CPUs ...
Sep 11 00:20:09 combo-VirtualBox kernel: [    0.177207] x86: Booting SMP configuration:
Sep 11 00:20:09 combo-VirtualBox kernel: [    0.177207] .... node  #0, CPUs:      #1
Sep 11 00:20:09 combo-VirtualBox kernel: [    0.177274] smp: Brought up 1 node, 2 CPUs
Sep 11 00:20:09 combo-VirtualBox kernel: [    0.177283] smpboot: Max logical packages: 1
Sep 11 00:20:09 combo-VirtualBox kernel: [    0.177284] smpboot: Total of 2 processors activated (13973.90 BogoMIPS)
Sep 11 00:20:09 combo-VirtualBox kernel: [    0.177659] devtmpfs: initialized
Sep 11 00:20:09 combo-VirtualBox kernel: [    0.177659] x86/mm: Memory block size: 128MB
Sep 11 00:20:09 combo-VirtualBox kernel: [    0.178166] clocksource: jiffies: mask: 0xffffffff max_cycles: 0xffffffff, max_idle_ns: 7645041785100000 ns
Sep 11 00:20:09 combo-VirtualBox kernel: [    0.178166] futex hash table entries: 512 (order: 3, 32768 bytes, linear)
Sep 11 00:20:09 combo-VirtualBox kernel: [    0.178166] pinctrl core: initialized pinctrl subsystem
Sep 11 00:20:09 combo-VirtualBox kernel: [    0.178166] PM: RTC time: 16:19:48, date: 2023-09-10
Sep 11 00:20:09 combo-VirtualBox kernel: [    0.179089] NET: Registered PF_NETLINK/PF_ROUTE protocol family
Sep 11 00:20:09 combo-VirtualBox kernel: [    0.179349] DMA: preallocated 512 KiB GFP_KERNEL pool for atomic allocations
Sep 11 00:20:09 combo-VirtualBox kernel: [    0.179438] DMA: preallocated 512 KiB GFP_KERNEL|GFP_DMA pool for atomic allocations
Sep 11 00:20:09 combo-VirtualBox kernel: [    0.179534] DMA: preallocated 512 KiB GFP_KERNEL|GFP_DMA32 pool for atomic allocations
Sep 11 00:20:09 combo-VirtualBox kernel: [    0.179557] audit: initializing netlink subsys (disabled)
Sep 11 00:20:09 combo-VirtualBox kernel: [    0.181243] audit: type=2000 audit(1694362793.881:1): state=initialized audit_enabled=0 res=1
Sep 11 00:20:09 combo-VirtualBox kernel: [    0.181450] thermal_sys: Registered thermal governor 'fair_share'
Sep 11 00:20:09 combo-VirtualBox kernel: [    0.181453] thermal_sys: Registered thermal governor 'bang_bang'
Sep 11 00:20:09 combo-VirtualBox kernel: [    0.181454] thermal_sys: Registered thermal governor 'step_wise'
Sep 11 00:20:09 combo-VirtualBox kernel: [    0.181455] thermal_sys: Registered thermal governor 'user_space'
Sep 11 00:20:09 combo-VirtualBox kernel: [    0.181457] thermal_sys: Registered thermal governor 'power_allocator'
Sep 11 00:20:09 combo-VirtualBox kernel: [    0.181465] EISA bus registered
Sep 11 00:20:09 combo-VirtualBox kernel: [    0.181481] cpuidle: using governor ladder
Sep 11 00:20:09 combo-VirtualBox kernel: [    0.181486] cpuidle: using governor menu
Sep 11 00:20:09 combo-VirtualBox kernel: [    0.181774] acpiphp: ACPI Hot Plug PCI Controller Driver version: 0.5
Sep 11 00:20:09 combo-VirtualBox kernel: [    0.181774] PCI: Using configuration type 1 for base access
Sep 11 00:20:09 combo-VirtualBox kernel: [    0.181774] PCI: Using configuration type 1 for extended access
Sep 11 00:20:09 combo-VirtualBox kernel: [    0.181774] kprobes: kprobe jump-optimization is enabled. All kprobes are optimized if possible.
Sep 11 00:20:09 combo-VirtualBox kernel: [    0.201280] HugeTLB: registered 2.00 MiB page size, pre-allocated 0 pages
Sep 11 00:20:09 combo-VirtualBox kernel: [    0.201287] HugeTLB: 28 KiB vmemmap can be freed for a 2.00 MiB page
Sep 11 00:20:09 combo-VirtualBox kernel: [    0.209367] ACPI: Added _OSI(Module Device)
Sep 11 00:20:09 combo-VirtualBox kernel: [    0.209371] ACPI: Added _OSI(Processor Device)
Sep 11 00:20:09 combo-VirtualBox kernel: [    0.209373] ACPI: Added _OSI(3.0 _SCP Extensions)
Sep 11 00:20:09 combo-VirtualBox kernel: [    0.209374] ACPI: Added _OSI(Processor Aggregator Device)
Sep 11 00:20:09 combo-VirtualBox kernel: [    0.212002] ACPI: 2 ACPI AML tables successfully acquired and loaded
Sep 11 00:20:09 combo-VirtualBox kernel: [    0.213585] ACPI: Interpreter enabled
Sep 11 00:20:09 combo-VirtualBox kernel: [    0.213619] ACPI: PM: (supports S0 S5)
Sep 11 00:20:09 combo-VirtualBox kernel: [    0.213622] ACPI: Using IOAPIC for interrupt routing
Sep 11 00:20:09 combo-VirtualBox kernel: [    0.214145] PCI: Using host bridge windows from ACPI; if necessary, use "pci=nocrs" and report a bug
Sep 11 00:20:09 combo-VirtualBox kernel: [    0.214148] PCI: Using E820 reservations for host bridge windows
Sep 11 00:20:09 combo-VirtualBox kernel: [    0.214292] ACPI: Enabled 2 GPEs in block 00 to 07
Sep 11 00:20:09 combo-VirtualBox kernel: [    0.217737] ACPI: PCI Root Bridge [PCI0] (domain 0000 [bus 00-ff])
Sep 11 00:20:09 combo-VirtualBox kernel: [    0.217750] acpi PNP0A03:00: _OSC: OS supports [ExtendedConfig ASPM ClockPM Segments MSI EDR HPX-Type3]
Sep 11 00:20:09 combo-VirtualBox kernel: [    0.218346] acpi PNP0A03:00: _OSC: platform does not support [PCIeCapability LTR DPC]
Sep 11 00:20:09 combo-VirtualBox kernel: [    0.218913] acpi PNP0A03:00: _OSC: not requesting control; platform does not support [PCIeCapability]
Sep 11 00:20:09 combo-VirtualBox kernel: [    0.218917] acpi PNP0A03:00: _OSC: OS requested [PCIeHotplug SHPCHotplug PME AER PCIeCapability LTR DPC]
Sep 11 00:20:09 combo-VirtualBox kernel: [    0.218918] acpi PNP0A03:00: _OSC: platform willing to grant [PCIeHotplug SHPCHotplug PME AER]
Sep 11 00:20:09 combo-VirtualBox kernel: [    0.218920] acpi PNP0A03:00: _OSC: platform retains control of PCIe features (AE_SUPPORT)
Sep 11 00:20:09 combo-VirtualBox kernel: [    0.219569] PCI host bridge to bus 0000:00
Sep 11 00:20:09 combo-VirtualBox kernel: [    0.219574] pci_bus 0000:00: root bus resource [io  0x0000-0x0cf7 window]
Sep 11 00:20:09 combo-VirtualBox kernel: [    0.219578] pci_bus 0000:00: root bus resource [io  0x0d00-0xffff window]
Sep 11 00:20:09 combo-VirtualBox kernel: [    0.219580] pci_bus 0000:00: root bus resource [mem 0x000a0000-0x000bffff window]
Sep 11 00:20:09 combo-VirtualBox kernel: [    0.219583] pci_bus 0000:00: root bus resource [mem 0x9c400000-0xfdffffff window]
Sep 11 00:20:09 combo-VirtualBox kernel: [    0.219585] pci_bus 0000:00: root bus resource [bus 00-ff]
Sep 11 00:20:09 combo-VirtualBox kernel: [    0.220056] pci 0000:00:00.0: [8086:1237] type 00 class 0x060000
Sep 11 00:20:09 combo-VirtualBox kernel: [    0.220738] pci 0000:00:01.0: [8086:7000] type 00 class 0x060100
Sep 11 00:20:09 combo-VirtualBox kernel: [    0.221542] pci 0000:00:01.1: [8086:7111] type 00 class 0x01018a
Sep 11 00:20:09 combo-VirtualBox kernel: [    0.221944] pci 0000:00:01.1: reg 0x20: [io  0xd000-0xd00f]
Sep 11 00:20:09 combo-VirtualBox kernel: [    0.222162] pci 0000:00:01.1: legacy IDE quirk: reg 0x10: [io  0x01f0-0x01f7]
Sep 11 00:20:09 combo-VirtualBox kernel: [    0.222166] pci 0000:00:01.1: legacy IDE quirk: reg 0x14: [io  0x03f6]
Sep 11 00:20:09 combo-VirtualBox kernel: [    0.222168] pci 0000:00:01.1: legacy IDE quirk: reg 0x18: [io  0x0170-0x0177]
Sep 11 00:20:09 combo-VirtualBox kernel: [    0.222169] pci 0000:00:01.1: legacy IDE quirk: reg 0x1c: [io  0x0376]
Sep 11 00:20:09 combo-VirtualBox kernel: [    0.222729] pci 0000:00:02.0: [15ad:0405] type 00 class 0x030000
Sep 11 00:20:09 combo-VirtualBox kernel: [    0.229254] pci 0000:00:02.0: reg 0x10: [io  0xd010-0xd01f]
Sep 11 00:20:09 combo-VirtualBox kernel: [    0.231841] pci 0000:00:02.0: reg 0x14: [mem 0xe0000000-0xe0ffffff pref]
Sep 11 00:20:09 combo-VirtualBox kernel: [    0.233615] pci 0000:00:02.0: reg 0x18: [mem 0xf0000000-0xf01fffff]
Sep 11 00:20:09 combo-VirtualBox kernel: [    0.244551] pci 0000:00:02.0: Video device with shadowed ROM at [mem 0x000c0000-0x000dffff]
Sep 11 00:20:09 combo-VirtualBox kernel: [    0.244551] pci 0000:00:03.0: [8086:100e] type 00 class 0x020000
Sep 11 00:20:09 combo-VirtualBox kernel: [    0.244551] pci 0000:00:03.0: reg 0x10: [mem 0xf0200000-0xf021ffff]
Sep 11 00:20:09 combo-VirtualBox kernel: [    0.251769] pci 0000:00:03.0: reg 0x18: [io  0xd020-0xd027]
Sep 11 00:20:09 combo-VirtualBox kernel: [    0.261308] pci 0000:00:04.0: [80ee:cafe] type 00 class 0x088000
Sep 11 00:20:09 combo-VirtualBox kernel: [    0.263715] pci 0000:00:04.0: reg 0x10: [io  0xd040-0xd05f]
Sep 11 00:20:09 combo-VirtualBox kernel: [    0.265364] pci 0000:00:04.0: reg 0x14: [mem 0xf0400000-0xf07fffff]
Sep 11 00:20:09 combo-VirtualBox kernel: [    0.267434] pci 0000:00:04.0: reg 0x18: [mem 0xf0800000-0xf0803fff pref]
Sep 11 00:20:09 combo-VirtualBox kernel: [    0.276109] pci 0000:00:05.0: [8086:2415] type 00 class 0x040100
Sep 11 00:20:09 combo-VirtualBox kernel: [    0.276280] pci 0000:00:05.0: reg 0x10: [io  0xd100-0xd1ff]
Sep 11 00:20:09 combo-VirtualBox kernel: [    0.276364] pci 0000:00:05.0: reg 0x14: [io  0xd200-0xd23f]
Sep 11 00:20:09 combo-VirtualBox kernel: [    0.277665] pci 0000:00:06.0: [106b:003f] type 00 class 0x0c0310
Sep 11 00:20:09 combo-VirtualBox kernel: [    0.279853] pci 0000:00:06.0: reg 0x10: [mem 0xf0804000-0xf0804fff]
Sep 11 00:20:09 combo-VirtualBox kernel: [    0.293233] pci 0000:00:07.0: [8086:7113] type 00 class 0x068000
Sep 11 00:20:09 combo-VirtualBox kernel: [    0.293744] pci 0000:00:07.0: quirk: [io  0x4000-0x403f] claimed by PIIX4 ACPI
Sep 11 00:20:09 combo-VirtualBox kernel: [    0.293771] pci 0000:00:07.0: quirk: [io  0x4100-0x410f] claimed by PIIX4 SMB
Sep 11 00:20:09 combo-VirtualBox kernel: [    0.294118] pci 0000:00:08.0: [8086:100e] type 00 class 0x020000
Sep 11 00:20:09 combo-VirtualBox kernel: [    0.296318] pci 0000:00:08.0: reg 0x10: [mem 0xf0820000-0xf083ffff]
Sep 11 00:20:09 combo-VirtualBox kernel: [    0.299323] pci 0000:00:08.0: reg 0x18: [io  0xd240-0xd247]
Sep 11 00:20:09 combo-VirtualBox kernel: [    0.305644] pci 0000:00:0d.0: [8086:2829] type 00 class 0x010601
Sep 11 00:20:09 combo-VirtualBox kernel: [    0.307982] pci 0000:00:0d.0: reg 0x10: [io  0xd248-0xd24f]
Sep 11 00:20:09 combo-VirtualBox kernel: [    0.313362] pci 0000:00:0d.0: reg 0x14: [io  0xd250-0xd253]
Sep 11 00:20:09 combo-VirtualBox kernel: [    0.315690] pci 0000:00:0d.0: reg 0x18: [io  0xd258-0xd25f]
Sep 11 00:20:09 combo-VirtualBox kernel: [    0.317379] pci 0000:00:0d.0: reg 0x1c: [io  0xd260-0xd263]
Sep 11 00:20:09 combo-VirtualBox kernel: [    0.320299] pci 0000:00:0d.0: reg 0x20: [io  0xd270-0xd27f]
Sep 11 00:20:09 combo-VirtualBox kernel: [    0.321352] pci 0000:00:0d.0: reg 0x24: [mem 0xf0840000-0xf0841fff]
Sep 11 00:20:09 combo-VirtualBox kernel: [    0.329256] ACPI: PCI: Interrupt link LNKA configured for IRQ 11
Sep 11 00:20:09 combo-VirtualBox kernel: [    0.329777] ACPI: PCI: Interrupt link LNKB configured for IRQ 10
Sep 11 00:20:09 combo-VirtualBox kernel: [    0.330119] ACPI: PCI: Interrupt link LNKC configured for IRQ 9
Sep 11 00:20:09 combo-VirtualBox kernel: [    0.330390] ACPI: PCI: Interrupt link LNKD configured for IRQ 11
Sep 11 00:20:09 combo-VirtualBox kernel: [    0.330952] iommu: Default domain type: Translated 
Sep 11 00:20:09 combo-VirtualBox kernel: [    0.330952] iommu: DMA domain TLB invalidation policy: lazy mode 
Sep 11 00:20:09 combo-VirtualBox kernel: [    0.330952] SCSI subsystem initialized
Sep 11 00:20:09 combo-VirtualBox kernel: [    0.330952] libata version 3.00 loaded.
Sep 11 00:20:09 combo-VirtualBox kernel: [    0.330952] ACPI: bus type USB registered
Sep 11 00:20:09 combo-VirtualBox kernel: [    0.330952] usbcore: registered new interface driver usbfs
Sep 11 00:20:09 combo-VirtualBox kernel: [    0.330952] usbcore: registered new interface driver hub
Sep 11 00:20:09 combo-VirtualBox kernel: [    0.330952] usbcore: registered new device driver usb
Sep 11 00:20:09 combo-VirtualBox kernel: [    0.330952] pps_core: LinuxPPS API ver. 1 registered
Sep 11 00:20:09 combo-VirtualBox kernel: [    0.330952] pps_core: Software ver. 5.3.6 - Copyright 2005-2007 Rodolfo Giometti <giometti@linux.it>
Sep 11 00:20:09 combo-VirtualBox kernel: [    0.330952] PTP clock support registered
Sep 11 00:20:09 combo-VirtualBox kernel: [    0.330952] EDAC MC: Ver: 3.0.0
Sep 11 00:20:09 combo-VirtualBox kernel: [    0.333535] NetLabel: Initializing
Sep 11 00:20:09 combo-VirtualBox kernel: [    0.333541] NetLabel:  domain hash size = 128
Sep 11 00:20:09 combo-VirtualBox kernel: [    0.333542] NetLabel:  protocols = UNLABELED CIPSOv4 CALIPSO
Sep 11 00:20:09 combo-VirtualBox kernel: [    0.333564] NetLabel:  unlabeled traffic allowed by default
Sep 11 00:20:09 combo-VirtualBox kernel: [    0.333591] mctp: management component transport protocol core
Sep 11 00:20:09 combo-VirtualBox kernel: [    0.333591] NET: Registered PF_MCTP protocol family
Sep 11 00:20:09 combo-VirtualBox kernel: [    0.333591] PCI: Using ACPI for IRQ routing
Sep 11 00:20:09 combo-VirtualBox kernel: [    0.333591] PCI: pci_cache_line_size set to 64 bytes
Sep 11 00:20:09 combo-VirtualBox kernel: [    0.333591] e820: reserve RAM buffer [mem 0x0009fc00-0x0009ffff]
Sep 11 00:20:09 combo-VirtualBox kernel: [    0.333595] e820: reserve RAM buffer [mem 0x9c3f0000-0x9fffffff]
Sep 11 00:20:09 combo-VirtualBox kernel: [    0.333637] pci 0000:00:02.0: vgaarb: setting as boot VGA device
Sep 11 00:20:09 combo-VirtualBox kernel: [    0.333637] pci 0000:00:02.0: vgaarb: bridge control possible
Sep 11 00:20:09 combo-VirtualBox kernel: [    0.333637] pci 0000:00:02.0: vgaarb: VGA device added: decodes=io+mem,owns=io+mem,locks=none
Sep 11 00:20:09 combo-VirtualBox kernel: [    0.333637] vgaarb: loaded
Sep 11 00:20:09 combo-VirtualBox kernel: [    0.333637] clocksource: Switched to clocksource kvm-clock
Sep 11 00:20:09 combo-VirtualBox kernel: [    0.354424] VFS: Disk quotas dquot_6.6.0
Sep 11 00:20:09 combo-VirtualBox kernel: [    0.354455] VFS: Dquot-cache hash table entries: 512 (order 0, 4096 bytes)
Sep 11 00:20:09 combo-VirtualBox kernel: [    0.354636] AppArmor: AppArmor Filesystem Enabled
Sep 11 00:20:09 combo-VirtualBox kernel: [    0.354670] pnp: PnP ACPI init
Sep 11 00:20:09 combo-VirtualBox kernel: [    0.355881] pnp: PnP ACPI: found 2 devices
Sep 11 00:20:09 combo-VirtualBox kernel: [    0.368756] clocksource: acpi_pm: mask: 0xffffff max_cycles: 0xffffff, max_idle_ns: 2085701024 ns
Sep 11 00:20:09 combo-VirtualBox kernel: [    0.368909] NET: Registered PF_INET protocol family
Sep 11 00:20:09 combo-VirtualBox kernel: [    0.369087] IP idents hash table entries: 65536 (order: 7, 524288 bytes, linear)
Sep 11 00:20:09 combo-VirtualBox kernel: [    0.370838] tcp_listen_portaddr_hash hash table entries: 2048 (order: 3, 32768 bytes, linear)
Sep 11 00:20:09 combo-VirtualBox kernel: [    0.370891] Table-perturb hash table entries: 65536 (order: 6, 262144 bytes, linear)
Sep 11 00:20:09 combo-VirtualBox kernel: [    0.370930] TCP established hash table entries: 32768 (order: 6, 262144 bytes, linear)
Sep 11 00:20:09 combo-VirtualBox kernel: [    0.371116] TCP bind hash table entries: 32768 (order: 8, 1048576 bytes, linear)
Sep 11 00:20:09 combo-VirtualBox kernel: [    0.371230] TCP: Hash tables configured (established 32768 bind 32768)
Sep 11 00:20:09 combo-VirtualBox kernel: [    0.371366] MPTCP token hash table entries: 4096 (order: 4, 98304 bytes, linear)
Sep 11 00:20:09 combo-VirtualBox kernel: [    0.371409] UDP hash table entries: 2048 (order: 4, 65536 bytes, linear)
Sep 11 00:20:09 combo-VirtualBox kernel: [    0.371430] UDP-Lite hash table entries: 2048 (order: 4, 65536 bytes, linear)
Sep 11 00:20:09 combo-VirtualBox kernel: [    0.371663] NET: Registered PF_UNIX/PF_LOCAL protocol family
Sep 11 00:20:09 combo-VirtualBox kernel: [    0.371677] NET: Registered PF_XDP protocol family
Sep 11 00:20:09 combo-VirtualBox kernel: [    0.371730] pci_bus 0000:00: resource 4 [io  0x0000-0x0cf7 window]
Sep 11 00:20:09 combo-VirtualBox kernel: [    0.371737] pci_bus 0000:00: resource 5 [io  0x0d00-0xffff window]
Sep 11 00:20:09 combo-VirtualBox kernel: [    0.371740] pci_bus 0000:00: resource 6 [mem 0x000a0000-0x000bffff window]
Sep 11 00:20:09 combo-VirtualBox kernel: [    0.371742] pci_bus 0000:00: resource 7 [mem 0x9c400000-0xfdffffff window]
Sep 11 00:20:09 combo-VirtualBox kernel: [    0.371828] pci 0000:00:00.0: Limiting direct PCI/PCI transfers
Sep 11 00:20:09 combo-VirtualBox kernel: [    0.373845] PCI: CLS 0 bytes, default 64
Sep 11 00:20:09 combo-VirtualBox kernel: [    0.373940] clocksource: tsc: mask: 0xffffffffffffffff max_cycles: 0x325b3e260bc, max_idle_ns: 440795317334 ns
Sep 11 00:20:09 combo-VirtualBox kernel: [    0.373984] clocksource: Switched to clocksource tsc
Sep 11 00:20:09 combo-VirtualBox kernel: [    0.374032] platform rtc_cmos: registered platform RTC device (no PNP device found)
Sep 11 00:20:09 combo-VirtualBox kernel: [    0.374035] Trying to unpack rootfs image as initramfs...
Sep 11 00:20:09 combo-VirtualBox kernel: [    0.379424] Initialise system trusted keyrings
Sep 11 00:20:09 combo-VirtualBox kernel: [    0.379443] Key type blacklist registered
Sep 11 00:20:09 combo-VirtualBox kernel: [    0.379737] workingset: timestamp_bits=36 max_order=20 bucket_order=0
Sep 11 00:20:09 combo-VirtualBox kernel: [    0.379829] zbud: loaded
Sep 11 00:20:09 combo-VirtualBox kernel: [    0.380128] squashfs: version 4.0 (2009/01/31) Phillip Lougher
Sep 11 00:20:09 combo-VirtualBox kernel: [    0.380702] fuse: init (API version 7.38)
Sep 11 00:20:09 combo-VirtualBox kernel: [    0.381039] integrity: Platform Keyring initialized
Sep 11 00:20:09 combo-VirtualBox kernel: [    0.381045] integrity: Machine keyring initialized
Sep 11 00:20:09 combo-VirtualBox kernel: [    0.392230] Key type asymmetric registered
Sep 11 00:20:09 combo-VirtualBox kernel: [    0.392239] Asymmetric key parser 'x509' registered
Sep 11 00:20:09 combo-VirtualBox kernel: [    0.392296] Block layer SCSI generic (bsg) driver version 0.4 loaded (major 243)
Sep 11 00:20:09 combo-VirtualBox kernel: [    0.392891] io scheduler mq-deadline registered
Sep 11 00:20:09 combo-VirtualBox kernel: [    0.393459] shpchp: Standard Hot Plug PCI Controller Driver version: 0.4
Sep 11 00:20:09 combo-VirtualBox kernel: [    0.393771] ACPI: AC: AC Adapter [AC] (on-line)
Sep 11 00:20:09 combo-VirtualBox kernel: [    0.393837] input: Power Button as /devices/LNXSYSTM:00/LNXPWRBN:00/input/input0
Sep 11 00:20:09 combo-VirtualBox kernel: [    0.393985] ACPI: button: Power Button [PWRF]
Sep 11 00:20:09 combo-VirtualBox kernel: [    0.394081] input: Sleep Button as /devices/LNXSYSTM:00/LNXSLPBN:00/input/input1
Sep 11 00:20:09 combo-VirtualBox kernel: [    0.394104] ACPI: button: Sleep Button [SLPF]
Sep 11 00:20:09 combo-VirtualBox kernel: [    0.395180] Serial: 8250/16550 driver, 32 ports, IRQ sharing enabled
Sep 11 00:20:09 combo-VirtualBox kernel: [    0.398129] Linux agpgart interface v0.103
Sep 11 00:20:09 combo-VirtualBox kernel: [    0.401365] loop: module loaded
Sep 11 00:20:09 combo-VirtualBox kernel: [    0.401650] ata_piix 0000:00:01.1: version 2.13
Sep 11 00:20:09 combo-VirtualBox kernel: [    0.478414] scsi host0: ata_piix
Sep 11 00:20:09 combo-VirtualBox kernel: [    0.478615] scsi host1: ata_piix
Sep 11 00:20:09 combo-VirtualBox kernel: [    0.478649] ata1: PATA max UDMA/33 cmd 0x1f0 ctl 0x3f6 bmdma 0xd000 irq 14
Sep 11 00:20:09 combo-VirtualBox kernel: [    0.478652] ata2: PATA max UDMA/33 cmd 0x170 ctl 0x376 bmdma 0xd008 irq 15
Sep 11 00:20:09 combo-VirtualBox kernel: [    0.478864] tun: Universal TUN/TAP device driver, 1.6
Sep 11 00:20:09 combo-VirtualBox kernel: [    0.479481] PPP generic driver version 2.4.2
Sep 11 00:20:09 combo-VirtualBox kernel: [    0.480971] ohci-pci 0000:00:06.0: OHCI PCI host controller
Sep 11 00:20:09 combo-VirtualBox kernel: [    0.480992] ohci-pci 0000:00:06.0: new USB bus registered, assigned bus number 1
Sep 11 00:20:09 combo-VirtualBox kernel: [    0.481121] ohci-pci 0000:00:06.0: irq 22, io mem 0xf0804000
Sep 11 00:20:09 combo-VirtualBox kernel: [    0.543164] usb usb1: New USB device found, idVendor=1d6b, idProduct=0001, bcdDevice= 6.02
Sep 11 00:20:09 combo-VirtualBox kernel: [    0.543173] usb usb1: New USB device strings: Mfr=3, Product=2, SerialNumber=1
Sep 11 00:20:09 combo-VirtualBox kernel: [    0.543175] usb usb1: Product: OHCI PCI host controller
Sep 11 00:20:09 combo-VirtualBox kernel: [    0.543177] usb usb1: Manufacturer: Linux 6.2.0-32-generic ohci_hcd
Sep 11 00:20:09 combo-VirtualBox kernel: [    0.543179] usb usb1: SerialNumber: 0000:00:06.0
Sep 11 00:20:09 combo-VirtualBox kernel: [    0.543350] hub 1-0:1.0: USB hub found
Sep 11 00:20:09 combo-VirtualBox kernel: [    0.543369] hub 1-0:1.0: 12 ports detected
Sep 11 00:20:09 combo-VirtualBox kernel: [    0.544055] i8042: PNP: PS/2 Controller [PNP0303:PS2K,PNP0f03:PS2M] at 0x60,0x64 irq 1,12
Sep 11 00:20:09 combo-VirtualBox kernel: [    0.544629] serio: i8042 KBD port at 0x60,0x64 irq 1
Sep 11 00:20:09 combo-VirtualBox kernel: [    0.544640] serio: i8042 AUX port at 0x60,0x64 irq 12
Sep 11 00:20:09 combo-VirtualBox kernel: [    0.544842] mousedev: PS/2 mouse device common for all mice
Sep 11 00:20:09 combo-VirtualBox kernel: [    0.545448] rtc_cmos rtc_cmos: registered as rtc0
Sep 11 00:20:09 combo-VirtualBox kernel: [    0.545625] rtc_cmos rtc_cmos: setting system clock to 2023-09-10T16:19:49 UTC (1694362789)
Sep 11 00:20:09 combo-VirtualBox kernel: [    0.545758] rtc_cmos rtc_cmos: alarms up to one day, 114 bytes nvram
Sep 11 00:20:09 combo-VirtualBox kernel: [    0.545777] i2c_dev: i2c /dev entries driver
Sep 11 00:20:09 combo-VirtualBox kernel: [    0.546486] device-mapper: core: CONFIG_IMA_DISABLE_HTABLE is disabled. Duplicate IMA measurements will not be recorded in the IMA log.
Sep 11 00:20:09 combo-VirtualBox kernel: [    0.546741] device-mapper: uevent: version 1.0.3
Sep 11 00:20:09 combo-VirtualBox kernel: [    0.547067] device-mapper: ioctl: 4.47.0-ioctl (2022-07-28) initialised: dm-devel@redhat.com
Sep 11 00:20:09 combo-VirtualBox kernel: [    0.547163] input: AT Translated Set 2 keyboard as /devices/platform/i8042/serio0/input/input2
Sep 11 00:20:09 combo-VirtualBox kernel: [    0.547500] platform eisa.0: Probing EISA bus 0
Sep 11 00:20:09 combo-VirtualBox kernel: [    0.547510] platform eisa.0: EISA: Cannot allocate resource for mainboard
Sep 11 00:20:09 combo-VirtualBox kernel: [    0.547512] platform eisa.0: Cannot allocate resource for EISA slot 1
Sep 11 00:20:09 combo-VirtualBox kernel: [    0.547515] platform eisa.0: Cannot allocate resource for EISA slot 2
Sep 11 00:20:09 combo-VirtualBox kernel: [    0.547517] platform eisa.0: Cannot allocate resource for EISA slot 3
Sep 11 00:20:09 combo-VirtualBox kernel: [    0.547519] platform eisa.0: Cannot allocate resource for EISA slot 4
Sep 11 00:20:09 combo-VirtualBox kernel: [    0.547521] platform eisa.0: Cannot allocate resource for EISA slot 5
Sep 11 00:20:09 combo-VirtualBox kernel: [    0.547523] platform eisa.0: Cannot allocate resource for EISA slot 6
Sep 11 00:20:09 combo-VirtualBox kernel: [    0.547525] platform eisa.0: Cannot allocate resource for EISA slot 7
Sep 11 00:20:09 combo-VirtualBox kernel: [    0.547527] platform eisa.0: Cannot allocate resource for EISA slot 8
Sep 11 00:20:09 combo-VirtualBox kernel: [    0.547528] platform eisa.0: EISA: Detected 0 cards
Sep 11 00:20:09 combo-VirtualBox kernel: [    0.548010] ledtrig-cpu: registered to indicate activity on CPUs
Sep 11 00:20:09 combo-VirtualBox kernel: [    0.548243] drop_monitor: Initializing network drop monitor service
Sep 11 00:20:09 combo-VirtualBox kernel: [    0.576243] NET: Registered PF_INET6 protocol family
Sep 11 00:20:09 combo-VirtualBox kernel: [    0.653787] ata2.00: ATAPI: VBOX CD-ROM, 1.0, max UDMA/133
Sep 11 00:20:09 combo-VirtualBox kernel: [    0.655010] scsi 1:0:0:0: CD-ROM            VBOX     CD-ROM           1.0  PQ: 0 ANSI: 5
Sep 11 00:20:09 combo-VirtualBox kernel: [    0.675043] sr 1:0:0:0: [sr0] scsi3-mmc drive: 32x/32x xa/form2 tray
Sep 11 00:20:09 combo-VirtualBox kernel: [    0.675053] cdrom: Uniform CD-ROM driver Revision: 3.20
Sep 11 00:20:09 combo-VirtualBox kernel: [    0.695526] sr 1:0:0:0: Attached scsi CD-ROM sr0
Sep 11 00:20:09 combo-VirtualBox kernel: [    0.695788] sr 1:0:0:0: Attached scsi generic sg0 type 5
Sep 11 00:20:09 combo-VirtualBox kernel: [    0.890543] usb 1-1: new full-speed USB device number 2 using ohci-pci
Sep 11 00:20:09 combo-VirtualBox kernel: [    1.112597] Freeing initrd memory: 67484K
Sep 11 00:20:09 combo-VirtualBox kernel: [    1.124509] Segment Routing with IPv6
Sep 11 00:20:09 combo-VirtualBox kernel: [    1.124536] In-situ OAM (IOAM) with IPv6
Sep 11 00:20:09 combo-VirtualBox kernel: [    1.124578] NET: Registered PF_PACKET protocol family
Sep 11 00:20:09 combo-VirtualBox kernel: [    1.124707] Key type dns_resolver registered
Sep 11 00:20:09 combo-VirtualBox kernel: [    1.124712] x86/pm: family 0x15 cpu detected, MSR saving is needed during suspending.
Sep 11 00:20:09 combo-VirtualBox kernel: [    1.125178] IPI shorthand broadcast: enabled
Sep 11 00:20:09 combo-VirtualBox kernel: [    1.127702] sched_clock: Marking stable (1112042569, 14114145)->(1148866952, -22710238)
Sep 11 00:20:09 combo-VirtualBox kernel: [    1.128163] registered taskstats version 1
Sep 11 00:20:09 combo-VirtualBox kernel: [    1.128424] Loading compiled-in X.509 certificates
Sep 11 00:20:09 combo-VirtualBox kernel: [    1.129924] Loaded X.509 cert 'Build time autogenerated kernel key: 17ded95d03917717f30999a429e6576b4149913b'
Sep 11 00:20:09 combo-VirtualBox kernel: [    1.130864] Loaded X.509 cert 'Canonical Ltd. Live Patch Signing: 14df34d1a87cf37625abec039ef2bf521249b969'
Sep 11 00:20:09 combo-VirtualBox kernel: [    1.131956] Loaded X.509 cert 'Canonical Ltd. Kernel Module Signing: 88f752e560a1e0737e31163a466ad7b70a850c19'
Sep 11 00:20:09 combo-VirtualBox kernel: [    1.131966] blacklist: Loading compiled-in revocation X.509 certificates
Sep 11 00:20:09 combo-VirtualBox systemd-modules-load[198]: Inserted module 'lp'
Sep 11 00:20:09 combo-VirtualBox kernel: [    1.132012] Loaded X.509 cert 'Canonical Ltd. Secure Boot Signing: 61482aa2830d0ab2ad5af10b7250da9033ddcef0'
Sep 11 00:20:09 combo-VirtualBox kernel: [    1.132039] Loaded X.509 cert 'Canonical Ltd. Secure Boot Signing (2017): 242ade75ac4a15e50d50c84b0d45ff3eae707a03'
Sep 11 00:20:09 combo-VirtualBox kernel: [    1.132068] Loaded X.509 cert 'Canonical Ltd. Secure Boot Signing (ESM 2018): 365188c1d374d6b07c3c8f240f8ef722433d6a8b'
Sep 11 00:20:09 combo-VirtualBox kernel: [    1.132092] Loaded X.509 cert 'Canonical Ltd. Secure Boot Signing (2019): c0746fd6c5da3ae827864651ad66ae47fe24b3e8'
Sep 11 00:20:09 combo-VirtualBox kernel: [    1.132135] Loaded X.509 cert 'Canonical Ltd. Secure Boot Signing (2021 v1): a8d54bbb3825cfb94fa13c9f8a594a195c107b8d'
Sep 11 00:20:09 combo-VirtualBox systemd-modules-load[198]: Inserted module 'ppdev'
Sep 11 00:20:09 combo-VirtualBox systemd-modules-load[198]: Inserted module 'parport_pc'
Sep 11 00:20:09 combo-VirtualBox systemd-modules-load[198]: Inserted module 'msr'
Sep 11 00:20:09 combo-VirtualBox systemd-modules-load[198]: Module 'fuse' is built in
Sep 11 00:20:09 combo-VirtualBox systemd[1]: Mounted FUSE Control File System.
Sep 11 00:20:09 combo-VirtualBox systemd[1]: Mounted Kernel Configuration File System.
Sep 11 00:20:09 combo-VirtualBox systemd[1]: Reached target Swaps.
Sep 11 00:20:09 combo-VirtualBox systemd[1]: Condition check resulted in VMware vmblock fuse mount being skipped.
Sep 11 00:20:09 combo-VirtualBox systemd[1]: Starting Flush Journal to Persistent Storage...
Sep 11 00:20:09 combo-VirtualBox systemd[1]: Finished Set the console keyboard layout.
Sep 11 00:20:09 combo-VirtualBox systemd[1]: Finished Load/Save Random Seed.
Sep 11 00:20:09 combo-VirtualBox systemd[1]: Condition check resulted in First Boot Complete being skipped.
Sep 11 00:20:09 combo-VirtualBox systemd[1]: Finished Create System Users.
Sep 11 00:20:09 combo-VirtualBox systemd[1]: Starting Create Static Device Nodes in /dev...
Sep 11 00:20:09 combo-VirtualBox systemd[1]: Finished Flush Journal to Persistent Storage.
Sep 11 00:20:09 combo-VirtualBox systemd[1]: Finished Create Static Device Nodes in /dev.
Sep 11 00:20:09 combo-VirtualBox systemd[1]: Reached target Preparation for Local File Systems.
Sep 11 00:20:09 combo-VirtualBox systemd-modules-load[198]: Inserted module 'vmwgfx'
Sep 11 00:20:09 combo-VirtualBox systemd[1]: Mounting Mount unit for bare, revision 5...
Sep 11 00:20:09 combo-VirtualBox systemd[1]: Mounting Mount unit for core20, revision 1974...
Sep 11 00:20:09 combo-VirtualBox systemd[1]: Mounting Mount unit for core22, revision 858...
Sep 11 00:20:09 combo-VirtualBox systemd[1]: Mounting Mount unit for firefox, revision 2987...
Sep 11 00:20:09 combo-VirtualBox systemd[1]: Mounting Mount unit for gnome-3-38-2004, revision 143...
Sep 11 00:20:09 combo-VirtualBox systemd[1]: Mounting Mount unit for gnome-42-2204, revision 120...
Sep 11 00:20:09 combo-VirtualBox systemd[1]: Mounting Mount unit for gtk-common-themes, revision 1535...
Sep 11 00:20:09 combo-VirtualBox systemd[1]: Mounting Mount unit for snap-store, revision 959...
Sep 11 00:20:09 combo-VirtualBox systemd[1]: Mounting Mount unit for snapd, revision 19457...
Sep 11 00:20:09 combo-VirtualBox systemd[1]: Mounting Mount unit for snapd-desktop-integration, revision 83...
Sep 11 00:20:09 combo-VirtualBox systemd[1]: Starting Rule-based Manager for Device Events and Files...
Sep 11 00:20:09 combo-VirtualBox systemd[1]: Finished Load Kernel Modules.
Sep 11 00:20:09 combo-VirtualBox systemd[1]: Finished Coldplug All udev Devices.
Sep 11 00:20:09 combo-VirtualBox systemd[1]: Mounted Mount unit for bare, revision 5.
Sep 11 00:20:09 combo-VirtualBox systemd[1]: Mounted Mount unit for core20, revision 1974.
Sep 11 00:20:09 combo-VirtualBox systemd[1]: Mounted Mount unit for core22, revision 858.
Sep 11 00:20:09 combo-VirtualBox systemd[1]: Mounted Mount unit for firefox, revision 2987.
Sep 11 00:20:09 combo-VirtualBox systemd[1]: Mounted Mount unit for gnome-3-38-2004, revision 143.
Sep 11 00:20:09 combo-VirtualBox systemd[1]: Mounted Mount unit for gnome-42-2204, revision 120.
Sep 11 00:20:09 combo-VirtualBox systemd[1]: Mounted Mount unit for gtk-common-themes, revision 1535.
Sep 11 00:20:09 combo-VirtualBox systemd[1]: Mounted Mount unit for snap-store, revision 959.
Sep 11 00:20:09 combo-VirtualBox systemd[1]: Mounted Mount unit for snapd, revision 19457.
Sep 11 00:20:09 combo-VirtualBox systemd[1]: Mounted Mount unit for snapd-desktop-integration, revision 83.
Sep 11 00:20:09 combo-VirtualBox systemd[1]: Reached target Mounted snaps.
Sep 11 00:20:09 combo-VirtualBox systemd[1]: Starting Apply Kernel Variables...
Sep 11 00:20:09 combo-VirtualBox systemd[1]: Finished Apply Kernel Variables.
Sep 11 00:20:09 combo-VirtualBox systemd[1]: Started Rule-based Manager for Device Events and Files.
Sep 11 00:20:09 combo-VirtualBox systemd[1]: Starting Show Plymouth Boot Screen...
Sep 11 00:20:09 combo-VirtualBox systemd[1]: Received SIGRTMIN+20 from PID 243 (plymouthd).
Sep 11 00:20:09 combo-VirtualBox systemd[1]: Started Show Plymouth Boot Screen.
Sep 11 00:20:09 combo-VirtualBox systemd[1]: Condition check resulted in Dispatch Password Requests to Console Directory Watch being skipped.
Sep 11 00:20:09 combo-VirtualBox systemd[1]: Started Forward Password Requests to Plymouth Directory Watch.
Sep 11 00:20:09 combo-VirtualBox systemd[1]: Reached target Local Encrypted Volumes.
Sep 11 00:20:09 combo-VirtualBox systemd-udevd[239]: Using default interface naming scheme 'v249'.
Sep 11 00:20:09 combo-VirtualBox systemd-udevd[238]: Using default interface naming scheme 'v249'.
Sep 11 00:20:09 combo-VirtualBox mtp-probe: checking bus 1, device 2: "/sys/devices/pci0000:00/0000:00:06.0/usb1/1-1"
Sep 11 00:20:09 combo-VirtualBox mtp-probe: bus: 1, device: 2 was not an MTP device
Sep 11 00:20:09 combo-VirtualBox systemd-udevd[245]: sda: Process '/usr/bin/unshare -m /usr/bin/snap auto-import --mount=/dev/sda' failed with exit code 1.
Sep 11 00:20:09 combo-VirtualBox systemd-udevd[250]: sr0: Process '/usr/bin/unshare -m /usr/bin/snap auto-import --mount=/dev/sr0' failed with exit code 1.
Sep 11 00:20:09 combo-VirtualBox systemd[1]: Listening on Load/Save RF Kill Switch Status /dev/rfkill Watch.
Sep 11 00:20:09 combo-VirtualBox systemd-udevd[247]: sda3: Process '/usr/bin/unshare -m /usr/bin/snap auto-import --mount=/dev/sda3' failed with exit code 1.
Sep 11 00:20:09 combo-VirtualBox systemd-udevd[245]: sda2: Process '/usr/bin/unshare -m /usr/bin/snap auto-import --mount=/dev/sda2' failed with exit code 1.
Sep 11 00:20:09 combo-VirtualBox systemd-udevd[239]: sda1: Process '/usr/bin/unshare -m /usr/bin/snap auto-import --mount=/dev/sda1' failed with exit code 1.
Sep 11 00:20:09 combo-VirtualBox systemd[1]: Found device VBOX_HARDDISK EFI\x20System\x20Partition.
Sep 11 00:20:09 combo-VirtualBox systemd[1]: Starting File System Check on /dev/disk/by-uuid/8DFA-0608...
Sep 11 00:20:09 combo-VirtualBox systemd[1]: Started File System Check Daemon to report status.
Sep 11 00:20:09 combo-VirtualBox systemd-fsck[367]: fsck.fat 4.2 (2021-01-31)
Sep 11 00:20:09 combo-VirtualBox systemd-fsck[367]: /dev/sda2: 11 files, 1554/131063 clusters
Sep 11 00:20:09 combo-VirtualBox systemd[1]: Finished File System Check on /dev/disk/by-uuid/8DFA-0608.
Sep 11 00:20:09 combo-VirtualBox systemd[1]: Mounting /boot/efi...
Sep 11 00:20:09 combo-VirtualBox systemd[1]: Mounted /boot/efi.
Sep 11 00:20:09 combo-VirtualBox systemd[1]: Reached target Local File Systems.
Sep 11 00:20:09 combo-VirtualBox systemd[1]: Starting Load AppArmor profiles...
Sep 11 00:20:09 combo-VirtualBox systemd[1]: Starting Set console font and keymap...
Sep 11 00:20:09 combo-VirtualBox systemd[1]: Starting Tell Plymouth To Write Out Runtime Data...
Sep 11 00:20:09 combo-VirtualBox systemd[1]: Starting Set Up Additional Binary Formats...
Sep 11 00:20:09 combo-VirtualBox systemd[1]: Condition check resulted in Store a System Token in an EFI Variable being skipped.
Sep 11 00:20:09 combo-VirtualBox systemd[1]: Starting Commit a transient machine-id on disk...
Sep 11 00:20:09 combo-VirtualBox apparmor.systemd[385]: Restarting AppArmor
Sep 11 00:20:09 combo-VirtualBox apparmor.systemd[385]: Reloading AppArmor profiles
Sep 11 00:20:09 combo-VirtualBox systemd[1]: Starting Create Volatile Files and Directories...
Sep 11 00:20:09 combo-VirtualBox systemd[1]: Starting Uncomplicated firewall...
Sep 11 00:20:09 combo-VirtualBox systemd[1]: Finished Set console font and keymap.
Sep 11 00:20:09 combo-VirtualBox systemd[1]: Finished Tell Plymouth To Write Out Runtime Data.
Sep 11 00:20:09 combo-VirtualBox systemd[1]: Received SIGRTMIN+20 from PID 243 (plymouthd).
Sep 11 00:20:09 combo-VirtualBox systemd[1]: proc-sys-fs-binfmt_misc.automount: Got automount request for /proc/sys/fs/binfmt_misc, triggered by 391 (systemd-binfmt)
Sep 11 00:20:09 combo-VirtualBox systemd[1]: Mounting Arbitrary Executable File Formats File System...
Sep 11 00:20:09 combo-VirtualBox systemd[1]: Finished Uncomplicated firewall.
Sep 11 00:20:09 combo-VirtualBox systemd[1]: Reached target Preparation for Network.
Sep 11 00:20:09 combo-VirtualBox systemd[1]: Mounted Arbitrary Executable File Formats File System.
Sep 11 00:20:09 combo-VirtualBox systemd[1]: Finished Set Up Additional Binary Formats.
Sep 11 00:20:09 combo-VirtualBox systemd[1]: Finished Create Volatile Files and Directories.
Sep 11 00:20:09 combo-VirtualBox systemd[1]: Starting Userspace Out-Of-Memory (OOM) Killer...
Sep 11 00:20:09 combo-VirtualBox systemd[1]: Starting Network Name Resolution...
Sep 11 00:20:09 combo-VirtualBox systemd[1]: Starting Network Time Synchronization...
Sep 11 00:20:09 combo-VirtualBox systemd[1]: Starting Record System Boot/Shutdown in UTMP...
Sep 11 00:20:09 combo-VirtualBox systemd[1]: etc-machine\x2did.mount: Deactivated successfully.
Sep 11 00:20:09 combo-VirtualBox systemd[1]: Finished Commit a transient machine-id on disk.
Sep 11 00:20:09 combo-VirtualBox systemd[1]: Finished Record System Boot/Shutdown in UTMP.
Sep 11 00:20:09 combo-VirtualBox systemd[1]: Started Userspace Out-Of-Memory (OOM) Killer.
Sep 11 00:20:09 combo-VirtualBox systemd[1]: Started Network Time Synchronization.
Sep 11 00:20:09 combo-VirtualBox systemd[1]: Reached target System Time Set.
Sep 11 00:20:09 combo-VirtualBox systemd-resolved[437]: Positive Trust Anchors:
Sep 11 00:20:09 combo-VirtualBox systemd-resolved[437]: . IN DS 20326 8 2 e06d44b80b8f1d39a95c0b0d7c65d08458e880409bbc683457104237c7f8ec8d
Sep 11 00:20:09 combo-VirtualBox systemd-resolved[437]: Negative trust anchors: home.arpa 10.in-addr.arpa 16.172.in-addr.arpa 17.172.in-addr.arpa 18.172.in-addr.arpa 19.172.in-addr.arpa 20.172.in-addr.arpa 21.172.in-addr.arpa 22.172.in-addr.arpa 23.172.in-addr.arpa 24.172.in-addr.arpa 25.172.in-addr.arpa 26.172.in-addr.arpa 27.172.in-addr.arpa 28.172.in-addr.arpa 29.172.in-addr.arpa 30.172.in-addr.arpa 31.172.in-addr.arpa 168.192.in-addr.arpa d.f.ip6.arpa corp home internal intranet lan local private test
Sep 11 00:20:09 combo-VirtualBox systemd-resolved[437]: Using system hostname 'combo-VirtualBox'.
Sep 11 00:20:09 combo-VirtualBox systemd[1]: Started Network Name Resolution.
Sep 11 00:20:09 combo-VirtualBox systemd[1]: Reached target Host and Network Name Lookups.
Sep 11 00:20:09 combo-VirtualBox systemd-udevd[241]: controlC0: Process '/usr/sbin/alsactl -E HOME=/run/alsa -E XDG_RUNTIME_DIR=/run/alsa/runtime restore 0' failed with exit code 99.
Sep 11 00:20:09 combo-VirtualBox systemd[1]: Condition check resulted in Dispatch Password Requests to Console Directory Watch being skipped.
Sep 11 00:20:09 combo-VirtualBox systemd[1]: Starting Load Kernel Module chromeos_pstore...
Sep 11 00:20:09 combo-VirtualBox systemd[1]: Starting Load Kernel Module efi_pstore...
Sep 11 00:20:09 combo-VirtualBox systemd[1]: Starting Load Kernel Module pstore_blk...
Sep 11 00:20:09 combo-VirtualBox systemd[1]: Starting Load Kernel Module pstore_zone...
Sep 11 00:20:09 combo-VirtualBox systemd[1]: Starting Load Kernel Module ramoops...
Sep 11 00:20:09 combo-VirtualBox systemd[1]: Condition check resulted in Store a System Token in an EFI Variable being skipped.
Sep 11 00:20:09 combo-VirtualBox systemd[1]: modprobe@efi_pstore.service: Deactivated successfully.
Sep 11 00:20:09 combo-VirtualBox systemd[1]: Finished Load Kernel Module efi_pstore.
Sep 11 00:20:09 combo-VirtualBox systemd[1]: modprobe@chromeos_pstore.service: Deactivated successfully.
Sep 11 00:20:09 combo-VirtualBox systemd[1]: Finished Load Kernel Module chromeos_pstore.
Sep 11 00:20:09 combo-VirtualBox systemd[1]: modprobe@pstore_blk.service: Deactivated successfully.
Sep 11 00:20:09 combo-VirtualBox systemd[1]: Finished Load Kernel Module pstore_blk.
Sep 11 00:20:09 combo-VirtualBox systemd[1]: modprobe@pstore_zone.service: Deactivated successfully.
Sep 11 00:20:09 combo-VirtualBox systemd[1]: Finished Load Kernel Module pstore_zone.
Sep 11 00:20:09 combo-VirtualBox systemd[1]: modprobe@ramoops.service: Deactivated successfully.
Sep 11 00:20:09 combo-VirtualBox systemd[1]: Finished Load Kernel Module ramoops.
Sep 11 00:20:09 combo-VirtualBox systemd[1]: Condition check resulted in Platform Persistent Storage Archival being skipped.
Sep 11 00:20:09 combo-VirtualBox apparmor.systemd[528]: Skipping profile in /etc/apparmor.d/disable: usr.sbin.rsyslogd
Sep 11 00:20:09 combo-VirtualBox systemd[1]: Finished Load AppArmor profiles.
Sep 11 00:20:09 combo-VirtualBox systemd[1]: Starting Load AppArmor profiles managed internally by snapd...
Sep 11 00:20:09 combo-VirtualBox systemd[1]: Condition check resulted in Authentication service for virtual machines hosted on VMware being skipped.
Sep 11 00:20:09 combo-VirtualBox systemd[1]: Condition check resulted in Service for virtual machines hosted on VMware being skipped.
Sep 11 00:20:09 combo-VirtualBox snapd-apparmor[529]: main.go:124: Loading profiles [/var/lib/snapd/apparmor/profiles/snap-confine.snapd.19457 /var/lib/snapd/apparmor/profiles/snap-update-ns.firefox /var/lib/snapd/apparmor/profiles/snap-update-ns.snap-store /var/lib/snapd/apparmor/profiles/snap-update-ns.snapd-desktop-integration /var/lib/snapd/apparmor/profiles/snap.firefox.firefox /var/lib/snapd/apparmor/profiles/snap.firefox.geckodriver /var/lib/snapd/apparmor/profiles/snap.firefox.hook.configure /var/lib/snapd/apparmor/profiles/snap.firefox.hook.connect-plug-host-hunspell /var/lib/snapd/apparmor/profiles/snap.firefox.hook.disconnect-plug-host-hunspell /var/lib/snapd/apparmor/profiles/snap.firefox.hook.post-refresh /var/lib/snapd/apparmor/profiles/snap.snap-store.hook.configure /var/lib/snapd/apparmor/profiles/snap.snap-store.snap-store /var/lib/snapd/apparmor/profiles/snap.snap-store.ubuntu-software /var/lib/snapd/apparmor/profiles/snap.snap-store.ubuntu-software-local-file /var/lib/snapd/apparmor/profiles/snap.snapd-desktop-integration.hook.configure /var/lib/snapd/apparmor/profiles/snap.snapd-desktop-integration.snapd-desktop-integration]
Sep 11 00:20:09 combo-VirtualBox systemd[1]: Finished Load AppArmor profiles managed internally by snapd.
Sep 11 00:20:09 combo-VirtualBox systemd[1]: Reached target System Initialization.
Sep 11 00:20:09 combo-VirtualBox systemd[1]: Started ACPI Events Check.
Sep 11 00:20:09 combo-VirtualBox systemd[1]: Condition check resulted in Process error reports when automatic reporting is enabled (file watch) being skipped.
Sep 11 00:20:09 combo-VirtualBox systemd[1]: Started CUPS Scheduler.
Sep 11 00:20:09 combo-VirtualBox systemd[1]: Started Start whoopsie on modification of the /var/crash directory.
Sep 11 00:20:09 combo-VirtualBox systemd[1]: Started Trigger anacron every hour.
Sep 11 00:20:09 combo-VirtualBox systemd[1]: Condition check resulted in Process error reports when automatic reporting is enabled (timer based) being skipped.
Sep 11 00:20:09 combo-VirtualBox systemd[1]: Started Daily apt download activities.
Sep 11 00:20:09 combo-VirtualBox systemd[1]: Started Daily apt upgrade and clean activities.
Sep 11 00:20:09 combo-VirtualBox systemd[1]: Started Daily dpkg database backup timer.
Sep 11 00:20:09 combo-VirtualBox systemd[1]: Started Periodic ext4 Online Metadata Check for All Filesystems.
Sep 11 00:20:09 combo-VirtualBox systemd[1]: Started Discard unused blocks once a week.
Sep 11 00:20:09 combo-VirtualBox systemd[1]: Started Refresh fwupd metadata regularly.
Sep 11 00:20:09 combo-VirtualBox systemd[1]: Started Daily rotation of log files.
Sep 11 00:20:09 combo-VirtualBox systemd[1]: Started Daily man-db regeneration.
Sep 11 00:20:09 combo-VirtualBox systemd[1]: Started Message of the Day.
Sep 11 00:20:09 combo-VirtualBox systemd[1]: Condition check resulted in Timer to automatically fetch and run repair assertions being skipped.
Sep 11 00:20:09 combo-VirtualBox systemd[1]: Started Daily Cleanup of Temporary Directories.
Sep 11 00:20:09 combo-VirtualBox systemd[1]: Condition check resulted in Ubuntu Pro Timer for running repeated jobs being skipped.
Sep 11 00:20:09 combo-VirtualBox systemd[1]: Reached target Path Units.
Sep 11 00:20:09 combo-VirtualBox systemd[1]: Listening on ACPID Listen Socket.
Sep 11 00:20:09 combo-VirtualBox systemd[1]: Condition check resulted in Unix socket for apport crash forwarding being skipped.
Sep 11 00:20:09 combo-VirtualBox systemd[1]: Listening on Avahi mDNS/DNS-SD Stack Activation Socket.
Sep 11 00:20:09 combo-VirtualBox systemd[1]: Listening on CUPS Scheduler.
Sep 11 00:20:09 combo-VirtualBox systemd[1]: Listening on D-Bus System Message Bus Socket.
Sep 11 00:20:09 combo-VirtualBox systemd[1]: Starting Socket activation for snappy daemon...
Sep 11 00:20:09 combo-VirtualBox systemd[1]: Listening on UUID daemon activation socket.
Sep 11 00:20:09 combo-VirtualBox systemd[1]: Listening on Socket activation for snappy daemon.
Sep 11 00:20:09 combo-VirtualBox systemd[1]: Reached target Socket Units.
Sep 11 00:20:09 combo-VirtualBox systemd[1]: Reached target Basic System.
Sep 11 00:20:09 combo-VirtualBox systemd[1]: Starting Accounts Service...
Sep 11 00:20:09 combo-VirtualBox systemd[1]: Started ACPI event daemon.
Sep 11 00:20:09 combo-VirtualBox systemd[1]: Started Run anacron jobs.
Sep 11 00:20:09 combo-VirtualBox systemd[1]: Starting LSB: automatic crash report generation...
Sep 11 00:20:09 combo-VirtualBox anacron[560]: Anacron 2.3 started on 2023-09-11
Sep 11 00:20:09 combo-VirtualBox systemd[1]: Starting Avahi mDNS/DNS-SD Stack...
Sep 11 00:20:09 combo-VirtualBox anacron[560]: Will run job `cron.daily' in 5 min.
Sep 11 00:20:09 combo-VirtualBox anacron[560]: Will run job `cron.weekly' in 10 min.
Sep 11 00:20:09 combo-VirtualBox anacron[560]: Will run job `cron.monthly' in 15 min.
Sep 11 00:20:09 combo-VirtualBox anacron[560]: Jobs will be executed sequentially
Sep 11 00:20:09 combo-VirtualBox systemd[1]: Started Regular background program processing daemon.
Sep 11 00:20:09 combo-VirtualBox cron[564]: (CRON) INFO (pidfile fd = 3)
Sep 11 00:20:09 combo-VirtualBox cron[564]: (CRON) INFO (Running @reboot jobs)
Sep 11 00:20:09 combo-VirtualBox avahi-daemon[562]: Found user 'avahi' (UID 114) and group 'avahi' (GID 121).
Sep 11 00:20:09 combo-VirtualBox systemd[1]: Started D-Bus System Message Bus.
Sep 11 00:20:09 combo-VirtualBox systemd[1]: Starting Network Manager...
Sep 11 00:20:09 combo-VirtualBox systemd[1]: Started Save initial kernel messages after boot.
Sep 11 00:20:09 combo-VirtualBox systemd[1]: Starting Remove Stale Online ext4 Metadata Check Snapshots...
Sep 11 00:20:09 combo-VirtualBox systemd[1]: Condition check resulted in getty on tty2-tty6 if dbus and logind are not available being skipped.
Sep 11 00:20:09 combo-VirtualBox systemd[1]: Reached target Login Prompts.
Sep 11 00:20:09 combo-VirtualBox systemd[1]: Starting Detect the available GPUs and deal with any system changes...
Sep 11 00:20:09 combo-VirtualBox systemd[1]: Starting Record successful boot for GRUB...
Sep 11 00:20:09 combo-VirtualBox systemd[1]: Started irqbalance daemon.
Sep 11 00:20:09 combo-VirtualBox systemd[1]: Starting Dispatcher daemon for systemd-networkd...
Sep 11 00:20:09 combo-VirtualBox dbus-daemon[566]: dbus[566]: Unknown group "power" in message bus configuration file
Sep 11 00:20:09 combo-VirtualBox systemd[1]: Starting Authorization Manager...
Sep 11 00:20:09 combo-VirtualBox systemd[1]: Starting Power Profiles daemon...
Sep 11 00:20:09 combo-VirtualBox acpid: starting up with netlink and the input layer
Sep 11 00:20:09 combo-VirtualBox acpid: 8 rules loaded
Sep 11 00:20:09 combo-VirtualBox acpid: waiting for events: event logging is off
Sep 11 00:20:09 combo-VirtualBox systemd[1]: Starting System Logging Service...
Sep 11 00:20:09 combo-VirtualBox systemd[1]: Condition check resulted in Secure Boot updates for DB and DBX being skipped.
Sep 11 00:20:09 combo-VirtualBox systemd[1]: Started Userspace listener for prompt events.
Sep 11 00:20:09 combo-VirtualBox systemd[1]: Condition check resulted in Automatically repair incorrect owner/permissions on core devices being skipped.
Sep 11 00:20:09 combo-VirtualBox systemd[1]: Condition check resulted in Wait for the Ubuntu Core chooser trigger being skipped.
Sep 11 00:20:09 combo-VirtualBox systemd[1]: Reached target Preparation for Logins.
Sep 11 00:20:09 combo-VirtualBox dbus-daemon[566]: [system] AppArmor D-Bus mediation is enabled
Sep 11 00:20:09 combo-VirtualBox systemd[1]: Starting Snap Daemon...
Sep 11 00:20:09 combo-VirtualBox NetworkManager[567]: <info>  [1694362809.7203] NetworkManager (version 1.36.6) is starting... (for the first time)
Sep 11 00:20:09 combo-VirtualBox NetworkManager[567]: <info>  [1694362809.7210] Read config: /etc/NetworkManager/NetworkManager.conf (lib: 10-dns-resolved.conf, 20-connectivity-ubuntu.conf, no-mac-addr-change.conf) (run: 10-globally-managed-devices.conf) (etc: default-wifi-powersave-on.conf)
Sep 11 00:20:09 combo-VirtualBox systemd[1]: Starting Switcheroo Control Proxy service...
Sep 11 00:20:09 combo-VirtualBox NetworkManager[567]: <info>  [1694362809.7825] bus-manager: acquired D-Bus service "org.freedesktop.NetworkManager"
Sep 11 00:20:09 combo-VirtualBox polkitd[579]: started daemon version 0.105 using authority implementation `local' version `0.105'
Sep 11 00:20:09 combo-VirtualBox systemd[1]: Starting User Login Management...
Sep 11 00:20:09 combo-VirtualBox systemd[1]: Condition check resulted in Thermal Daemon Service being skipped.
Sep 11 00:20:09 combo-VirtualBox systemd[1]: Condition check resulted in Ubuntu Pro reboot cmds being skipped.
Sep 11 00:20:09 combo-VirtualBox systemd[1]: Starting Disk Manager...
Sep 11 00:20:09 combo-VirtualBox NetworkManager[567]: <info>  [1694362809.8358] manager[0x55775801f040]: monitoring kernel firmware directory '/lib/firmware'.
Sep 11 00:20:09 combo-VirtualBox kernel: [    1.132171] Loaded X.509 cert 'Canonical Ltd. Secure Boot Signing (2021 v2): 4cf046892d6fd3c9a5b03f98d845f90851dc6a8c'
Sep 11 00:20:09 combo-VirtualBox kernel: [    1.132193] Loaded X.509 cert 'Canonical Ltd. Secure Boot Signing (2021 v3): 100437bb6de6e469b581e61cd66bce3ef4ed53af'
Sep 11 00:20:09 combo-VirtualBox kernel: [    1.132219] Loaded X.509 cert 'Canonical Ltd. Secure Boot Signing (Ubuntu Core 2019): c1d57b8f6b743f23ee41f4f7ee292f06eecadfb9'
Sep 11 00:20:09 combo-VirtualBox kernel: [    1.132427] zswap: loaded using pool lzo/zbud
Sep 11 00:20:09 combo-VirtualBox kernel: [    1.136846] Key type .fscrypt registered
Sep 11 00:20:09 combo-VirtualBox kernel: [    1.136854] Key type fscrypt-provisioning registered
Sep 11 00:20:09 combo-VirtualBox kernel: [    1.142335] Key type encrypted registered
Sep 11 00:20:09 combo-VirtualBox kernel: [    1.142346] AppArmor: AppArmor sha1 policy hashing enabled
Sep 11 00:20:09 combo-VirtualBox kernel: [    1.142363] ima: No TPM chip found, activating TPM-bypass!
Sep 11 00:20:09 combo-VirtualBox kernel: [    1.142371] Loading compiled-in module X.509 certificates
Sep 11 00:20:09 combo-VirtualBox kernel: [    1.143082] Loaded X.509 cert 'Build time autogenerated kernel key: 17ded95d03917717f30999a429e6576b4149913b'
Sep 11 00:20:09 combo-VirtualBox kernel: [    1.143087] ima: Allocated hash algorithm: sha1
Sep 11 00:20:09 combo-VirtualBox kernel: [    1.143096] ima: No architecture policies found
Sep 11 00:20:09 combo-VirtualBox kernel: [    1.143117] evm: Initialising EVM extended attributes:
Sep 11 00:20:09 combo-VirtualBox kernel: [    1.143118] evm: security.selinux
Sep 11 00:20:09 combo-VirtualBox kernel: [    1.143120] evm: security.SMACK64
Sep 11 00:20:09 combo-VirtualBox kernel: [    1.143121] evm: security.SMACK64EXEC
Sep 11 00:20:09 combo-VirtualBox kernel: [    1.143121] evm: security.SMACK64TRANSMUTE
Sep 11 00:20:09 combo-VirtualBox kernel: [    1.143122] evm: security.SMACK64MMAP
Sep 11 00:20:09 combo-VirtualBox kernel: [    1.143123] evm: security.apparmor
Sep 11 00:20:09 combo-VirtualBox kernel: [    1.143124] evm: security.ima
Sep 11 00:20:09 combo-VirtualBox kernel: [    1.143124] evm: security.capability
Sep 11 00:20:09 combo-VirtualBox kernel: [    1.143126] evm: HMAC attrs: 0x1
Sep 11 00:20:09 combo-VirtualBox kernel: [    1.143548] PM:   Magic number: 7:737:337
Sep 11 00:20:09 combo-VirtualBox kernel: [    1.143580] tty tty58: hash matches
Sep 11 00:20:09 combo-VirtualBox kernel: [    1.143874] RAS: Correctable Errors collector initialized.
Sep 11 00:20:09 combo-VirtualBox kernel: [    1.147229] Freeing unused decrypted memory: 2036K
Sep 11 00:20:09 combo-VirtualBox kernel: [    1.149322] Freeing unused kernel image (initmem) memory: 4764K
Sep 11 00:20:09 combo-VirtualBox kernel: [    1.174988] Write protecting the kernel read-only data: 34816k
Sep 11 00:20:09 combo-VirtualBox kernel: [    1.175857] Freeing unused kernel image (rodata/data gap) memory: 1624K
Sep 11 00:20:09 combo-VirtualBox kernel: [    1.251506] x86/mm: Checked W+X mappings: passed, no W+X pages found.
Sep 11 00:20:09 combo-VirtualBox kernel: [    1.251710] Run /init as init process
Sep 11 00:20:09 combo-VirtualBox kernel: [    1.251719]   with arguments:
Sep 11 00:20:09 combo-VirtualBox kernel: [    1.251721]     /init
Sep 11 00:20:09 combo-VirtualBox kernel: [    1.251722]     splash
Sep 11 00:20:09 combo-VirtualBox kernel: [    1.251723]   with environment:
Sep 11 00:20:09 combo-VirtualBox kernel: [    1.251724]     HOME=/
Sep 11 00:20:09 combo-VirtualBox kernel: [    1.251725]     TERM=linux
Sep 11 00:20:09 combo-VirtualBox kernel: [    1.251726]     BOOT_IMAGE=/boot/vmlinuz-6.2.0-32-generic
Sep 11 00:20:09 combo-VirtualBox kernel: [    1.308865] usb 1-1: New USB device found, idVendor=80ee, idProduct=0021, bcdDevice= 1.00
Sep 11 00:20:09 combo-VirtualBox kernel: [    1.308876] usb 1-1: New USB device strings: Mfr=1, Product=3, SerialNumber=0
Sep 11 00:20:09 combo-VirtualBox kernel: [    1.308878] usb 1-1: Product: USB Tablet
Sep 11 00:20:09 combo-VirtualBox kernel: [    1.308881] usb 1-1: Manufacturer: VirtualBox
Sep 11 00:20:09 combo-VirtualBox kernel: [    1.389949] hid: raw HID events driver (C) Jiri Kosina
Sep 11 00:20:09 combo-VirtualBox kernel: [    1.411547] ACPI: video: Video Device [GFX0] (multi-head: yes  rom: no  post: no)
Sep 11 00:20:09 combo-VirtualBox kernel: [    1.412159] input: Video Bus as /devices/LNXSYSTM:00/LNXSYBUS:00/PNP0A03:00/LNXVIDEO:00/input/input4
Sep 11 00:20:09 combo-VirtualBox kernel: [    1.412447] usbcore: registered new interface driver usbhid
Sep 11 00:20:09 combo-VirtualBox kernel: [    1.412453] usbhid: USB HID core driver
Sep 11 00:20:09 combo-VirtualBox kernel: [    1.424045] e1000: Intel(R) PRO/1000 Network Driver
Sep 11 00:20:09 combo-VirtualBox kernel: [    1.424052] e1000: Copyright (c) 1999-2006 Intel Corporation.
Sep 11 00:20:09 combo-VirtualBox kernel: [    1.426521] piix4_smbus 0000:00:07.0: SMBus Host Controller at 0x4100, revision 0
Sep 11 00:20:09 combo-VirtualBox kernel: [    1.463508] ahci 0000:00:0d.0: version 3.0
Sep 11 00:20:09 combo-VirtualBox kernel: [    1.466741] ahci 0000:00:0d.0: SSS flag set, parallel bus scan disabled
Sep 11 00:20:09 combo-VirtualBox kernel: [    1.467052] ahci 0000:00:0d.0: AHCI 0001.0100 32 slots 1 ports 3 Gbps 0x1 impl SATA mode
Sep 11 00:20:09 combo-VirtualBox kernel: [    1.467060] ahci 0000:00:0d.0: flags: 64bit ncq stag only ccc 
Sep 11 00:20:09 combo-VirtualBox kernel: [    1.467573] scsi host2: ahci
Sep 11 00:20:09 combo-VirtualBox kernel: [    1.467680] ata3: SATA max UDMA/133 abar m8192@0xf0840000 port 0xf0840100 irq 21
Sep 11 00:20:09 combo-VirtualBox kernel: [    1.511348] input: VirtualBox USB Tablet as /devices/pci0000:00/0000:00:06.0/usb1/1-1/1-1:1.0/0003:80EE:0021.0001/input/input6
Sep 11 00:20:09 combo-VirtualBox kernel: [    1.512361] hid-generic 0003:80EE:0021.0001: input,hidraw0: USB HID v1.10 Mouse [VirtualBox USB Tablet] on usb-0000:00:06.0-1/input0
Sep 11 00:20:09 combo-VirtualBox kernel: [    1.703084] input: ImExPS/2 Generic Explorer Mouse as /devices/platform/i8042/serio1/input/input5
Sep 11 00:20:09 combo-VirtualBox kernel: [    1.778560] ata3: SATA link up 3.0 Gbps (SStatus 123 SControl 300)
Sep 11 00:20:09 combo-VirtualBox kernel: [    1.778794] ata3.00: ATA-6: VBOX HARDDISK, 1.0, max UDMA/133
Sep 11 00:20:09 combo-VirtualBox kernel: [    1.778799] ata3.00: 62914560 sectors, multi 128: LBA48 NCQ (depth 32)
Sep 11 00:20:09 combo-VirtualBox kernel: [    1.779006] ata3.00: configured for UDMA/133
Sep 11 00:20:09 combo-VirtualBox kernel: [    1.779249] scsi 2:0:0:0: Direct-Access     ATA      VBOX HARDDISK    1.0  PQ: 0 ANSI: 5
Sep 11 00:20:09 combo-VirtualBox kernel: [    1.781744] sd 2:0:0:0: [sda] 62914560 512-byte logical blocks: (32.2 GB/30.0 GiB)
Sep 11 00:20:09 combo-VirtualBox kernel: [    1.781761] sd 2:0:0:0: [sda] Write Protect is off
Sep 11 00:20:09 combo-VirtualBox kernel: [    1.781764] sd 2:0:0:0: [sda] Mode Sense: 00 3a 00 00
Sep 11 00:20:09 combo-VirtualBox kernel: [    1.781778] sd 2:0:0:0: [sda] Write cache: enabled, read cache: enabled, doesn't support DPO or FUA
Sep 11 00:20:09 combo-VirtualBox kernel: [    1.781799] sd 2:0:0:0: [sda] Preferred minimum I/O size 512 bytes
Sep 11 00:20:09 combo-VirtualBox kernel: [    1.781921] sd 2:0:0:0: Attached scsi generic sg1 type 0
Sep 11 00:20:09 combo-VirtualBox kernel: [    1.799321]  sda: sda1 sda2 sda3
Sep 11 00:20:09 combo-VirtualBox kernel: [    1.799542] sd 2:0:0:0: [sda] Attached SCSI disk
Sep 11 00:20:09 combo-VirtualBox kernel: [    1.900617] e1000 0000:00:03.0 eth0: (PCI:33MHz:32-bit) 08:00:27:54:0a:35
Sep 11 00:20:09 combo-VirtualBox kernel: [    1.900635] e1000 0000:00:03.0 eth0: Intel(R) PRO/1000 Network Connection
Sep 11 00:20:09 combo-VirtualBox kernel: [    2.354115] e1000 0000:00:08.0 eth1: (PCI:33MHz:32-bit) 08:00:27:f4:3d:79
Sep 11 00:20:09 combo-VirtualBox kernel: [    2.354129] e1000 0000:00:08.0 eth1: Intel(R) PRO/1000 Network Connection
Sep 11 00:20:09 combo-VirtualBox kernel: [    2.356058] e1000 0000:00:03.0 enp0s3: renamed from eth0
Sep 11 00:20:09 combo-VirtualBox kernel: [    2.371080] e1000 0000:00:08.0 enp0s8: renamed from eth1
Sep 11 00:20:09 combo-VirtualBox kernel: [    2.472478] EXT4-fs (sda3): mounted filesystem 6f383bd3-4c99-4300-a41d-a34d5534712e with ordered data mode. Quota mode: none.
Sep 11 00:20:09 combo-VirtualBox kernel: [    2.738782] systemd[1]: Inserted module 'autofs4'
Sep 11 00:20:09 combo-VirtualBox kernel: [    2.773393] systemd[1]: systemd 249.11-0ubuntu3.9 running in system mode (+PAM +AUDIT +SELINUX +APPARMOR +IMA +SMACK +SECCOMP +GCRYPT +GNUTLS +OPENSSL +ACL +BLKID +CURL +ELFUTILS +FIDO2 +IDN2 -IDN +IPTC +KMOD +LIBCRYPTSETUP +LIBFDISK +PCRE2 -PWQUALITY -P11KIT -QRENCODE +BZIP2 +LZ4 +XZ +ZLIB +ZSTD -XKBCOMMON +UTMP +SYSVINIT default-hierarchy=unified)
Sep 11 00:20:09 combo-VirtualBox kernel: [    2.773433] systemd[1]: Detected virtualization oracle.
Sep 11 00:20:09 combo-VirtualBox kernel: [    2.773440] systemd[1]: Detected architecture x86-64.
Sep 11 00:20:09 combo-VirtualBox kernel: [    2.774474] systemd[1]: Hostname set to <combo-VirtualBox>.
Sep 11 00:20:09 combo-VirtualBox kernel: [    2.781430] systemd[1]: Initializing machine ID from random generator.
Sep 11 00:20:09 combo-VirtualBox kernel: [    2.781511] systemd[1]: Installed transient /etc/machine-id file.
Sep 11 00:20:09 combo-VirtualBox kernel: [    3.204353] systemd[1]: Queued start job for default target Graphical Interface.
Sep 11 00:20:09 combo-VirtualBox kernel: [    3.219892] systemd[1]: Created slice Slice /system/modprobe.
Sep 11 00:20:09 combo-VirtualBox kernel: [    3.220592] systemd[1]: Created slice Slice /system/systemd-fsck.
Sep 11 00:20:09 combo-VirtualBox kernel: [    3.220943] systemd[1]: Created slice User and Session Slice.
Sep 11 00:20:09 combo-VirtualBox kernel: [    3.221053] systemd[1]: Started Forward Password Requests to Wall Directory Watch.
Sep 11 00:20:09 combo-VirtualBox kernel: [    3.221406] systemd[1]: Set up automount Arbitrary Executable File Formats File System Automount Point.
Sep 11 00:20:09 combo-VirtualBox kernel: [    3.221527] systemd[1]: Reached target User and Group Name Lookups.
Sep 11 00:20:09 combo-VirtualBox kernel: [    3.221556] systemd[1]: Reached target Remote File Systems.
Sep 11 00:20:09 combo-VirtualBox kernel: [    3.221574] systemd[1]: Reached target Slice Units.
Sep 11 00:20:09 combo-VirtualBox kernel: [    3.221596] systemd[1]: Reached target Mounting snaps.
Sep 11 00:20:09 combo-VirtualBox kernel: [    3.221642] systemd[1]: Reached target Local Verity Protected Volumes.
Sep 11 00:20:09 combo-VirtualBox kernel: [    3.221872] systemd[1]: Listening on Syslog Socket.
Sep 11 00:20:09 combo-VirtualBox kernel: [    3.221991] systemd[1]: Listening on fsck to fsckd communication Socket.
Sep 11 00:20:09 combo-VirtualBox kernel: [    3.222517] systemd[1]: Listening on initctl Compatibility Named Pipe.
Sep 11 00:20:09 combo-VirtualBox kernel: [    3.222991] systemd[1]: Listening on Journal Audit Socket.
Sep 11 00:20:09 combo-VirtualBox kernel: [    3.223180] systemd[1]: Listening on Journal Socket (/dev/log).
Sep 11 00:20:09 combo-VirtualBox kernel: [    3.223463] systemd[1]: Listening on Journal Socket.
Sep 11 00:20:09 combo-VirtualBox kernel: [    3.224777] systemd[1]: Listening on udev Control Socket.
Sep 11 00:20:09 combo-VirtualBox kernel: [    3.224994] systemd[1]: Listening on udev Kernel Socket.
Sep 11 00:20:09 combo-VirtualBox kernel: [    3.226667] systemd[1]: Mounting Huge Pages File System...
Sep 11 00:20:09 combo-VirtualBox kernel: [    3.228365] systemd[1]: Mounting POSIX Message Queue File System...
Sep 11 00:20:09 combo-VirtualBox kernel: [    3.230444] systemd[1]: Mounting Kernel Debug File System...
Sep 11 00:20:09 combo-VirtualBox kernel: [    3.232509] systemd[1]: Mounting Kernel Trace File System...
Sep 11 00:20:09 combo-VirtualBox kernel: [    3.243325] systemd[1]: Starting Journal Service...
Sep 11 00:20:09 combo-VirtualBox kernel: [    3.245570] systemd[1]: Starting Set the console keyboard layout...
Sep 11 00:20:09 combo-VirtualBox kernel: [    3.247643] systemd[1]: Starting Create List of Static Device Nodes...
Sep 11 00:20:09 combo-VirtualBox kernel: [    3.250616] systemd[1]: Starting Load Kernel Module chromeos_pstore...
Sep 11 00:20:09 combo-VirtualBox kernel: [    3.254893] systemd[1]: Starting Load Kernel Module configfs...
Sep 11 00:20:09 combo-VirtualBox kernel: [    3.257571] systemd[1]: Starting Load Kernel Module drm...
Sep 11 00:20:09 combo-VirtualBox kernel: [    3.265715] systemd[1]: Starting Load Kernel Module efi_pstore...
Sep 11 00:20:09 combo-VirtualBox kernel: [    3.275340] systemd[1]: Starting Load Kernel Module fuse...
Sep 11 00:20:09 combo-VirtualBox kernel: [    3.280457] systemd[1]: Starting Load Kernel Module pstore_blk...
Sep 11 00:20:09 combo-VirtualBox kernel: [    3.289337] systemd[1]: Starting Load Kernel Module pstore_zone...
Sep 11 00:20:09 combo-VirtualBox kernel: [    3.302940] systemd[1]: Starting Load Kernel Module ramoops...
Sep 11 00:20:09 combo-VirtualBox kernel: [    3.303232] systemd[1]: Condition check resulted in File System Check on Root Device being skipped.
Sep 11 00:20:09 combo-VirtualBox kernel: [    3.347937] systemd[1]: Starting Load Kernel Modules...
Sep 11 00:20:09 combo-VirtualBox kernel: [    3.348541] ACPI: bus type drm_connector registered
Sep 11 00:20:09 combo-VirtualBox kernel: [    3.351045] systemd[1]: Starting Remount Root and Kernel File Systems...
Sep 11 00:20:09 combo-VirtualBox kernel: [    3.359216] systemd[1]: Starting Coldplug All udev Devices...
Sep 11 00:20:09 combo-VirtualBox kernel: [    3.372436] systemd[1]: Mounted Huge Pages File System.
Sep 11 00:20:09 combo-VirtualBox kernel: [    3.372620] systemd[1]: Mounted POSIX Message Queue File System.
Sep 11 00:20:09 combo-VirtualBox kernel: [    3.372724] systemd[1]: Mounted Kernel Debug File System.
Sep 11 00:20:09 combo-VirtualBox kernel: [    3.373259] systemd[1]: Mounted Kernel Trace File System.
Sep 11 00:20:09 combo-VirtualBox kernel: [    3.379305] systemd[1]: Finished Create List of Static Device Nodes.
Sep 11 00:20:09 combo-VirtualBox kernel: [    3.379994] systemd[1]: modprobe@chromeos_pstore.service: Deactivated successfully.
Sep 11 00:20:09 combo-VirtualBox kernel: [    3.380477] systemd[1]: Finished Load Kernel Module chromeos_pstore.
Sep 11 00:20:09 combo-VirtualBox kernel: [    3.381111] systemd[1]: modprobe@configfs.service: Deactivated successfully.
Sep 11 00:20:09 combo-VirtualBox kernel: [    3.382003] systemd[1]: Finished Load Kernel Module configfs.
Sep 11 00:20:09 combo-VirtualBox kernel: [    3.383305] systemd[1]: modprobe@drm.service: Deactivated successfully.
Sep 11 00:20:09 combo-VirtualBox kernel: [    3.383875] systemd[1]: Finished Load Kernel Module drm.
Sep 11 00:20:09 combo-VirtualBox kernel: [    3.384551] systemd[1]: modprobe@efi_pstore.service: Deactivated successfully.
Sep 11 00:20:09 combo-VirtualBox kernel: [    3.385025] systemd[1]: Finished Load Kernel Module efi_pstore.
Sep 11 00:20:09 combo-VirtualBox kernel: [    3.385632] systemd[1]: modprobe@fuse.service: Deactivated successfully.
Sep 11 00:20:09 combo-VirtualBox kernel: [    3.385939] systemd[1]: Finished Load Kernel Module fuse.
Sep 11 00:20:09 combo-VirtualBox kernel: [    3.386483] systemd[1]: modprobe@pstore_blk.service: Deactivated successfully.
Sep 11 00:20:09 combo-VirtualBox kernel: [    3.386996] systemd[1]: Finished Load Kernel Module pstore_blk.
Sep 11 00:20:09 combo-VirtualBox kernel: [    3.387958] systemd[1]: modprobe@pstore_zone.service: Deactivated successfully.
Sep 11 00:20:09 combo-VirtualBox kernel: [    3.388453] EXT4-fs (sda3): re-mounted 6f383bd3-4c99-4300-a41d-a34d5534712e. Quota mode: none.
Sep 11 00:20:09 combo-VirtualBox kernel: [    3.390063] systemd[1]: Finished Load Kernel Module pstore_zone.
Sep 11 00:20:09 combo-VirtualBox kernel: [    3.392249] systemd[1]: modprobe@ramoops.service: Deactivated successfully.
Sep 11 00:20:09 combo-VirtualBox kernel: [    3.392759] systemd[1]: Finished Load Kernel Module ramoops.
Sep 11 00:20:09 combo-VirtualBox kernel: [    3.393500] systemd[1]: Finished Remount Root and Kernel File Systems.
Sep 11 00:20:09 combo-VirtualBox kernel: [    3.401962] lp: driver loaded but no devices found
Sep 11 00:20:09 combo-VirtualBox kernel: [    3.414062] ppdev: user-space parallel port driver
Sep 11 00:20:09 combo-VirtualBox kernel: [    3.419812] systemd[1]: Activating swap /swapfile...
Sep 11 00:20:09 combo-VirtualBox kernel: [    3.421793] systemd[1]: Mounting FUSE Control File System...
Sep 11 00:20:09 combo-VirtualBox kernel: [    3.429884] systemd[1]: Mounting Kernel Configuration File System...
Sep 11 00:20:09 combo-VirtualBox kernel: [    3.430175] systemd[1]: Condition check resulted in Platform Persistent Storage Archival being skipped.
Sep 11 00:20:09 combo-VirtualBox kernel: [    3.434253] Adding 3297276k swap on /swapfile.  Priority:-2 extents:8 across:3477500k FS
Sep 11 00:20:09 combo-VirtualBox kernel: [    3.445384] systemd[1]: Starting Load/Save Random Seed...
Sep 11 00:20:09 combo-VirtualBox kernel: [    3.455192] systemd[1]: Starting Create System Users...
Sep 11 00:20:09 combo-VirtualBox kernel: [    3.456437] systemd[1]: Activated swap /swapfile.
Sep 11 00:20:09 combo-VirtualBox kernel: [    3.457285] systemd[1]: Started Journal Service.
Sep 11 00:20:09 combo-VirtualBox kernel: [    3.513359] systemd-journald[182]: Received client request to flush runtime journal.
Sep 11 00:20:09 combo-VirtualBox kernel: [    3.544930] vmwgfx 0000:00:02.0: vgaarb: deactivate vga console
Sep 11 00:20:09 combo-VirtualBox kernel: [    3.546012] Console: switching to colour dummy device 80x25
Sep 11 00:20:09 combo-VirtualBox kernel: [    3.553027] vmwgfx 0000:00:02.0: [drm] FIFO at 0x00000000f0000000 size is 2048 kiB
Sep 11 00:20:09 combo-VirtualBox kernel: [    3.553052] vmwgfx 0000:00:02.0: [drm] VRAM at 0x00000000e0000000 size is 16384 kiB
Sep 11 00:20:09 combo-VirtualBox kernel: [    3.553065] vmwgfx 0000:00:02.0: [drm] Running on SVGA version 2.
Sep 11 00:20:09 combo-VirtualBox kernel: [    3.553086] vmwgfx 0000:00:02.0: [drm] Capabilities: cursor, cursor bypass 2, alpha cursor, 3D, extended fifo, pitchlock, irq mask, gmr, traces, gmr2, screen object 2, 
Sep 11 00:20:09 combo-VirtualBox kernel: [    3.553089] vmwgfx 0000:00:02.0: [drm] DMA map mode: Caching DMA mappings.
Sep 11 00:20:09 combo-VirtualBox kernel: [    3.553157] vmwgfx 0000:00:02.0: [drm] Legacy memory limits: VRAM = 16384 kB, FIFO = 2048 kB, surface = 507904 kB
Sep 11 00:20:09 combo-VirtualBox kernel: [    3.553161] vmwgfx 0000:00:02.0: [drm] MOB limits: max mob size = 0 kB, max mob pages = 0
Sep 11 00:20:09 combo-VirtualBox kernel: [    3.553164] vmwgfx 0000:00:02.0: [drm] Max GMR ids is 8192
Sep 11 00:20:09 combo-VirtualBox kernel: [    3.553166] vmwgfx 0000:00:02.0: [drm] Max number of GMR pages is 1048576
Sep 11 00:20:09 combo-VirtualBox kernel: [    3.553167] vmwgfx 0000:00:02.0: [drm] Maximum display memory size is 16384 kiB
Sep 11 00:20:09 combo-VirtualBox kernel: [    3.561350] vmwgfx 0000:00:02.0: [drm] Screen Object display unit initialized
Sep 11 00:20:09 combo-VirtualBox kernel: [    3.561969] vmwgfx 0000:00:02.0: [drm] Fifo max 0x00200000 min 0x00001000 cap 0x00000355
Sep 11 00:20:09 combo-VirtualBox kernel: [    3.562000] vmwgfx 0000:00:02.0: [drm] Available shader model: Legacy.
Sep 11 00:20:09 combo-VirtualBox kernel: [    3.562011] [drm:vmw_host_printf [vmwgfx]] *ERROR* Failed to send host log message.
Sep 11 00:20:09 combo-VirtualBox kernel: [    3.562874] [drm] Initialized vmwgfx 2.20.0 20211206 for 0000:00:02.0 on minor 0
Sep 11 00:20:09 combo-VirtualBox kernel: [    3.564340] fbcon: vmwgfxdrmfb (fb0) is primary device
Sep 11 00:20:09 combo-VirtualBox kernel: [    3.567156] Console: switching to colour frame buffer device 160x50
Sep 11 00:20:09 combo-VirtualBox kernel: [    3.571512] vmwgfx 0000:00:02.0: [drm] fb0: vmwgfxdrmfb frame buffer device
Sep 11 00:20:09 combo-VirtualBox kernel: [    3.612443] loop0: detected capacity change from 0 to 8
Sep 11 00:20:09 combo-VirtualBox kernel: [    3.617983] loop1: detected capacity change from 0 to 129944
Sep 11 00:20:09 combo-VirtualBox kernel: [    3.626562] loop2: detected capacity change from 0 to 485800
Sep 11 00:20:09 combo-VirtualBox kernel: [    3.632570] loop3: detected capacity change from 0 to 716176
Sep 11 00:20:09 combo-VirtualBox kernel: [    3.637891] loop4: detected capacity change from 0 to 151296
Sep 11 00:20:09 combo-VirtualBox kernel: [    3.638616] loop5: detected capacity change from 0 to 994336
Sep 11 00:20:09 combo-VirtualBox kernel: [    3.647359] loop6: detected capacity change from 0 to 25240
Sep 11 00:20:09 combo-VirtualBox kernel: [    3.659158] loop7: detected capacity change from 0 to 187776
Sep 11 00:20:09 combo-VirtualBox kernel: [    3.659684] loop8: detected capacity change from 0 to 904
Sep 11 00:20:09 combo-VirtualBox kernel: [    3.671709] loop9: detected capacity change from 0 to 109072
Sep 11 00:20:09 combo-VirtualBox kernel: [    4.225242] vboxguest: host-version: 6.1.46r158378 0x8000000f
Sep 11 00:20:09 combo-VirtualBox kernel: [    4.231612] vbg_heartbeat_init: Setting up heartbeat to trigger every 2000 milliseconds
Sep 11 00:20:09 combo-VirtualBox kernel: [    4.231895] input: VirtualBox mouse integration as /devices/pci0000:00/0000:00:04.0/input/input7
Sep 11 00:20:09 combo-VirtualBox kernel: [    4.433521] cryptd: max_cpu_qlen set to 1000
Sep 11 00:20:09 combo-VirtualBox kernel: [    4.500364] AVX2 version of gcm_enc/dec engaged.
Sep 11 00:20:09 combo-VirtualBox kernel: [    4.500658] AES CTR mode by8 optimization enabled
Sep 11 00:20:09 combo-VirtualBox kernel: [    5.169608] snd_intel8x0 0000:00:05.0: allow list rate for 1028:0177 is 48000
Sep 11 00:20:09 combo-VirtualBox kernel: [    5.509827] audit: type=1400 audit(1694362794.459:2): apparmor="STATUS" operation="profile_load" profile="unconfined" name="nvidia_modprobe" pid=428 comm="apparmor_parser"
Sep 11 00:20:09 combo-VirtualBox kernel: [    5.523038] audit: type=1400 audit(1694362794.475:3): apparmor="STATUS" operation="profile_load" profile="unconfined" name="nvidia_modprobe//kmod" pid=428 comm="apparmor_parser"
Sep 11 00:20:09 combo-VirtualBox kernel: [    5.657223] audit: type=1400 audit(1694362794.607:4): apparmor="STATUS" operation="profile_load" profile="unconfined" name="lsb_release" pid=427 comm="apparmor_parser"
Sep 11 00:20:09 combo-VirtualBox kernel: [    6.022563] audit: type=1400 audit(1694362794.971:5): apparmor="STATUS" operation="profile_load" profile="unconfined" name="/usr/lib/NetworkManager/nm-dhcp-client.action" pid=485 comm="apparmor_parser"
Sep 11 00:20:09 combo-VirtualBox kernel: [    6.025340] audit: type=1400 audit(1694362794.975:6): apparmor="STATUS" operation="profile_load" profile="unconfined" name="/usr/lib/NetworkManager/nm-dhcp-helper" pid=485 comm="apparmor_parser"
Sep 11 00:20:09 combo-VirtualBox kernel: [    6.027373] audit: type=1400 audit(1694362794.979:7): apparmor="STATUS" operation="profile_load" profile="unconfined" name="/usr/lib/connman/scripts/dhclient-script" pid=485 comm="apparmor_parser"
Sep 11 00:20:09 combo-VirtualBox kernel: [    6.029810] audit: type=1400 audit(1694362794.979:8): apparmor="STATUS" operation="profile_load" profile="unconfined" name="/{,usr/}sbin/dhclient" pid=485 comm="apparmor_parser"
Sep 11 00:20:09 combo-VirtualBox kernel: [    6.187041] audit: type=1400 audit(1694362795.139:9): apparmor="STATUS" operation="profile_load" profile="unconfined" name="/usr/bin/man" pid=523 comm="apparmor_parser"
Sep 11 00:20:09 combo-VirtualBox kernel: [    6.188298] audit: type=1400 audit(1694362795.139:10): apparmor="STATUS" operation="profile_load" profile="unconfined" name="man_filter" pid=523 comm="apparmor_parser"
Sep 11 00:20:09 combo-VirtualBox kernel: [    6.189892] audit: type=1400 audit(1694362795.139:11): apparmor="STATUS" operation="profile_load" profile="unconfined" name="man_groff" pid=523 comm="apparmor_parser"
Sep 11 00:20:09 combo-VirtualBox kernel: [   11.784273] kauditd_printk_skb: 7 callbacks suppressed
Sep 11 00:20:09 combo-VirtualBox kernel: [   11.784279] audit: type=1400 audit(1694362800.735:19): apparmor="STATUS" operation="profile_load" profile="unconfined" name="/usr/bin/evince" pid=515 comm="apparmor_parser"
Sep 11 00:20:09 combo-VirtualBox kernel: [   11.786140] audit: type=1400 audit(1694362800.735:20): apparmor="STATUS" operation="profile_load" profile="unconfined" name="/usr/bin/evince//sanitized_helper" pid=515 comm="apparmor_parser"
Sep 11 00:20:09 combo-VirtualBox kernel: [   11.792829] audit: type=1400 audit(1694362800.743:21): apparmor="STATUS" operation="profile_load" profile="unconfined" name="/usr/bin/evince-previewer" pid=515 comm="apparmor_parser"
Sep 11 00:20:09 combo-VirtualBox kernel: [   11.794570] audit: type=1400 audit(1694362800.747:22): apparmor="STATUS" operation="profile_load" profile="unconfined" name="/usr/bin/evince-previewer//sanitized_helper" pid=515 comm="apparmor_parser"
Sep 11 00:20:09 combo-VirtualBox kernel: [   11.797835] audit: type=1400 audit(1694362800.747:23): apparmor="STATUS" operation="profile_load" profile="unconfined" name="/usr/bin/evince-thumbnailer" pid=515 comm="apparmor_parser"
Sep 11 00:20:09 combo-VirtualBox kernel: [   12.811810] audit: type=1400 audit(1694362801.763:24): apparmor="STATUS" operation="profile_load" profile="unconfined" name="/snap/snapd/19457/usr/lib/snapd/snap-confine" pid=541 comm="apparmor_parser"
Sep 11 00:20:09 combo-VirtualBox kernel: [   12.813014] audit: type=1400 audit(1694362801.763:25): apparmor="STATUS" operation="profile_load" profile="unconfined" name="/snap/snapd/19457/usr/lib/snapd/snap-confine//mount-namespace-capture-helper" pid=541 comm="apparmor_parser"
Sep 11 00:20:09 combo-VirtualBox kernel: [   13.719084] audit: type=1400 audit(1694362802.671:26): apparmor="STATUS" operation="profile_load" profile="unconfined" name="snap-update-ns.firefox" pid=542 comm="apparmor_parser"
Sep 11 00:20:09 combo-VirtualBox kernel: [   14.834090] audit: type=1400 audit(1694362803.783:27): apparmor="STATUS" operation="profile_load" profile="unconfined" name="snap-update-ns.snap-store" pid=543 comm="apparmor_parser"
Sep 11 00:20:09 combo-VirtualBox kernel: [   15.285585] audit: type=1400 audit(1694362804.235:28): apparmor="STATUS" operation="profile_load" profile="unconfined" name="snap.firefox.firefox" pid=545 comm="apparmor_parser"
Sep 11 00:20:09 combo-VirtualBox kernel: [   16.907582] kauditd_printk_skb: 5 callbacks suppressed
Sep 11 00:20:09 combo-VirtualBox kernel: [   16.907587] audit: type=1400 audit(1694362805.859:34): apparmor="STATUS" operation="profile_load" profile="unconfined" name="snap.firefox.hook.post-refresh" pid=550 comm="apparmor_parser"
Sep 11 00:20:09 combo-VirtualBox kernel: [   17.136830] audit: type=1400 audit(1694362806.087:35): apparmor="STATUS" operation="profile_load" profile="unconfined" name="snap.snap-store.hook.configure" pid=551 comm="apparmor_parser"
Sep 11 00:20:09 combo-VirtualBox kernel: [   18.348215] audit: type=1400 audit(1694362807.299:36): apparmor="STATUS" operation="profile_load" profile="unconfined" name="snap.snap-store.snap-store" pid=552 comm="apparmor_parser"
Sep 11 00:20:09 combo-VirtualBox kernel: [   18.600086] audit: type=1400 audit(1694362807.551:37): apparmor="STATUS" operation="profile_load" profile="unconfined" name="snap.snap-store.ubuntu-software" pid=553 comm="apparmor_parser"
Sep 11 00:20:09 combo-VirtualBox kernel: [   19.226509] audit: type=1400 audit(1694362808.175:38): apparmor="STATUS" operation="profile_load" profile="unconfined" name="snap.snapd-desktop-integration.hook.configure" pid=555 comm="apparmor_parser"
Sep 11 00:20:09 combo-VirtualBox kernel: [   19.876839] audit: type=1400 audit(1694362808.827:39): apparmor="STATUS" operation="profile_load" profile="unconfined" name="snap.snap-store.ubuntu-software-local-file" pid=554 comm="apparmor_parser"
Sep 11 00:20:09 combo-VirtualBox kernel: [   20.446305] audit: type=1400 audit(1694362809.395:40): apparmor="STATUS" operation="profile_load" profile="unconfined" name="snap.snapd-desktop-integration.snapd-desktop-integration" pid=556 comm="apparmor_parser"
Sep 11 00:20:09 combo-VirtualBox NetworkManager[567]: <info>  [1694362809.8362] monitoring ifupdown state file '/run/network/ifstate'.
Sep 11 00:20:09 combo-VirtualBox dbus-daemon[566]: [system] Activating systemd to hand-off: service name='org.freedesktop.hostname1' unit='dbus-org.freedesktop.hostname1.service' requested by ':1.5' (uid=0 pid=567 comm="/usr/sbin/NetworkManager --no-daemon " label="unconfined")
Sep 11 00:20:09 combo-VirtualBox systemd[1]: Starting WPA supplicant...
Sep 11 00:20:09 combo-VirtualBox systemd[1]: gpu-manager.service: Deactivated successfully.
Sep 11 00:20:09 combo-VirtualBox systemd[1]: Finished Detect the available GPUs and deal with any system changes.
Sep 11 00:20:09 combo-VirtualBox avahi-daemon[562]: Successfully dropped root privileges.
Sep 11 00:20:09 combo-VirtualBox avahi-daemon[562]: avahi-daemon 0.8 starting up.
Sep 11 00:20:09 combo-VirtualBox dbus-daemon[566]: [system] Successfully activated service 'org.freedesktop.systemd1'
Sep 11 00:20:09 combo-VirtualBox udisksd[616]: udisks daemon version 2.9.4 starting
Sep 11 00:20:09 combo-VirtualBox rsyslogd: imuxsock: Acquired UNIX socket '/run/systemd/journal/syslog' (fd 3) from systemd.  [v8.2112.0]
Sep 11 00:20:09 combo-VirtualBox systemd[1]: Started System Logging Service.
Sep 11 00:20:09 combo-VirtualBox rsyslogd: rsyslogd's groupid changed to 111
Sep 11 00:20:09 combo-VirtualBox rsyslogd: rsyslogd's userid changed to 104
Sep 11 00:20:09 combo-VirtualBox rsyslogd: [origin software="rsyslogd" swVersion="8.2112.0" x-pid="585" x-info="https://www.rsyslog.com"] start
Sep 11 00:20:09 combo-VirtualBox avahi-daemon[562]: Successfully called chroot().
Sep 11 00:20:09 combo-VirtualBox avahi-daemon[562]: Successfully dropped remaining capabilities.
Sep 11 00:20:09 combo-VirtualBox avahi-daemon[562]: No service file found in /etc/avahi/services.
Sep 11 00:20:09 combo-VirtualBox avahi-daemon[562]: Joining mDNS multicast group on interface lo.IPv6 with address ::1.
Sep 11 00:20:09 combo-VirtualBox avahi-daemon[562]: New relevant interface lo.IPv6 for mDNS.
Sep 11 00:20:09 combo-VirtualBox avahi-daemon[562]: Joining mDNS multicast group on interface lo.IPv4 with address 127.0.0.1.
Sep 11 00:20:09 combo-VirtualBox avahi-daemon[562]: New relevant interface lo.IPv4 for mDNS.
Sep 11 00:20:09 combo-VirtualBox avahi-daemon[562]: Network interface enumeration completed.
Sep 11 00:20:09 combo-VirtualBox avahi-daemon[562]: Registering new address record for ::1 on lo.*.
Sep 11 00:20:09 combo-VirtualBox avahi-daemon[562]: Registering new address record for 127.0.0.1 on lo.IPv4.
Sep 11 00:20:10 combo-VirtualBox snapd-aa-prompt-listener[590]: AA Prompt listener not implemented
Sep 11 00:20:10 combo-VirtualBox systemd[1]: snapd.aa-prompt-listener.service: Deactivated successfully.
Sep 11 00:20:10 combo-VirtualBox apport[561]:  * Starting automatic crash report generation: apport
Sep 11 00:20:10 combo-VirtualBox wpa_supplicant[623]: Successfully initialized wpa_supplicant
Sep 11 00:20:10 combo-VirtualBox systemd[1]: Started Network Manager.
Sep 11 00:20:10 combo-VirtualBox systemd[1]: grub-common.service: Deactivated successfully.
Sep 11 00:20:10 combo-VirtualBox systemd[1]: Finished Record successful boot for GRUB.
Sep 11 00:20:10 combo-VirtualBox systemd[1]: Started Power Profiles daemon.
Sep 11 00:20:10 combo-VirtualBox systemd[1]: Started Authorization Manager.
Sep 11 00:20:10 combo-VirtualBox apport[561]:    ...done.
Sep 11 00:20:10 combo-VirtualBox systemd[1]: Started LSB: automatic crash report generation.
Sep 11 00:20:10 combo-VirtualBox systemd[1]: Started Avahi mDNS/DNS-SD Stack.
Sep 11 00:20:10 combo-VirtualBox systemd[1]: Started WPA supplicant.
Sep 11 00:20:10 combo-VirtualBox systemd[1]: Started Switcheroo Control Proxy service.
Sep 11 00:20:10 combo-VirtualBox systemd[1]: Reached target Network.
Sep 11 00:20:10 combo-VirtualBox accounts-daemon[558]: started daemon version 22.07.5
Sep 11 00:20:10 combo-VirtualBox udisksd[616]: failed to load module mdraid: libbd_mdraid.so.2: cannot open shared object file: No such file or directory
Sep 11 00:20:10 combo-VirtualBox systemd[1]: Starting Modem Manager...
Sep 11 00:20:10 combo-VirtualBox systemd[1]: Starting Network Manager Wait Online...
Sep 11 00:20:10 combo-VirtualBox systemd[1]: Condition check resulted in Manage Sound Card State (restore and store) being skipped.
Sep 11 00:20:10 combo-VirtualBox systemd[1]: Starting Save/Restore Sound Card State...
Sep 11 00:20:10 combo-VirtualBox systemd[1]: Starting CUPS Scheduler...
Sep 11 00:20:10 combo-VirtualBox udisksd[616]: Failed to load the 'mdraid' libblockdev plugin
Sep 11 00:20:10 combo-VirtualBox systemd[1]: Starting GRUB failed boot detection...
Sep 11 00:20:10 combo-VirtualBox systemd[1]: Starting OpenVPN service...
Sep 11 00:20:10 combo-VirtualBox systemd[1]: Starting Hostname Service...
Sep 11 00:20:10 combo-VirtualBox systemd[1]: Starting Permit User Sessions...
Sep 11 00:20:10 combo-VirtualBox systemd[1]: e2scrub_reap.service: Deactivated successfully.
Sep 11 00:20:10 combo-VirtualBox systemd[1]: Finished Remove Stale Online ext4 Metadata Check Snapshots.
Sep 11 00:20:10 combo-VirtualBox ModemManager[653]: <info>  ModemManager (version 1.20.0) starting in system bus...
Sep 11 00:20:10 combo-VirtualBox alsactl[672]: /usr/sbin/alsactl: load_state:1689: Cannot open /var/lib/alsa/asound.state for reading: No such file or directory
Sep 11 00:20:10 combo-VirtualBox systemd[1]: Finished OpenVPN service.
Sep 11 00:20:10 combo-VirtualBox alsactl[672]: alsa-lib main.c:1412:(snd_use_case_mgr_open) error: failed to import hw:0 use case configuration -2
Sep 11 00:20:10 combo-VirtualBox alsactl[672]: Found hardware: "ICH" "Analog Devices AD1980" "AC97a:41445370" "0x1028" "0x0177"
Sep 11 00:20:10 combo-VirtualBox alsactl[672]: Hardware is initialized using a generic method
Sep 11 00:20:10 combo-VirtualBox systemd[1]: Finished Permit User Sessions.
Sep 11 00:20:10 combo-VirtualBox systemd[1]: Finished Save/Restore Sound Card State.
Sep 11 00:20:10 combo-VirtualBox systemd[1]: grub-initrd-fallback.service: Deactivated successfully.
Sep 11 00:20:10 combo-VirtualBox systemd[1]: Finished GRUB failed boot detection.
Sep 11 00:20:10 combo-VirtualBox systemd[1]: Started Accounts Service.
Sep 11 00:20:10 combo-VirtualBox systemd[1]: Started User Login Management.
Sep 11 00:20:10 combo-VirtualBox systemd[1]: Reached target Sound Card.
